../Core/Src/main.c:73:6:printLightNotify	160	static
../Core/Src/main.c:140:6:printLight1Mode	24	static
../Core/Src/main.c:148:6:printLight2Mode	24	static
../Core/Src/main.c:156:6:printLight1Timer	40	static
../Core/Src/main.c:201:6:printLight2Timer	24	static
../Core/Src/main.c:217:6:cursorOff	8	static
../Core/Src/main.c:220:6:blinkingOff	8	static
../Core/Src/main.c:223:6:changeMode	4	static
../Core/Src/main.c:249:5:main	48	static
../Core/Src/main.c:323:6:SystemClock_Config	72	static
../Core/Src/main.c:363:13:MX_I2C1_Init	8	static
../Core/Src/main.c:397:13:MX_TIM2_Init	32	static
../Core/Src/main.c:442:13:MX_TIM3_Init	32	static
../Core/Src/main.c:487:13:MX_USART2_UART_Init	8	static
../Core/Src/main.c:520:13:MX_GPIO_Init	40	static
../Core/Src/main.c:590:6:Error_Handler	4	static,ignoring_inline_asm
