../Core/Src/main.c:73:6:printLightNotify	160	static
../Core/Src/main.c:139:6:printLight1Mode	24	static
../Core/Src/main.c:147:6:printLight2Mode	24	static
../Core/Src/main.c:155:6:printLight1Timer	40	static
../Core/Src/main.c:200:6:printLight2Timer	24	static
../Core/Src/main.c:216:6:cursorOff	8	static
../Core/Src/main.c:219:6:blinkingOff	8	static
../Core/Src/main.c:222:6:changeMode	4	static
../Core/Src/main.c:250:5:main	48	static
../Core/Src/main.c:325:6:SystemClock_Config	72	static
../Core/Src/main.c:365:13:MX_I2C1_Init	8	static
../Core/Src/main.c:399:13:MX_TIM2_Init	32	static
../Core/Src/main.c:444:13:MX_TIM3_Init	32	static
../Core/Src/main.c:489:13:MX_USART2_UART_Init	8	static
../Core/Src/main.c:522:13:MX_GPIO_Init	40	static
../Core/Src/main.c:592:6:Error_Handler	4	static,ignoring_inline_asm
