../Core/Src/Traffic_Light_FSM.c:42:6:Traffic_Light_FSM_Init	40	static
../Core/Src/Traffic_Light_FSM.c:70:6:Traffic_Light_FSM_Run	8	static
../Core/Src/Traffic_Light_FSM.c:201:6:display_Light	8	static
../Core/Src/Traffic_Light_FSM.c:223:6:controllerInit	4	static
../Core/Src/Traffic_Light_FSM.c:235:6:fetchNextState	4	static
../Core/Src/Traffic_Light_FSM.c:252:6:lightOn	8	static
../Core/Src/Traffic_Light_FSM.c:288:6:turnOffLight	8	static
../Core/Src/Traffic_Light_FSM.c:296:6:displayMode	16	static
../Core/Src/Traffic_Light_FSM.c:322:6:saveState	16	static
../Core/Src/Traffic_Light_FSM.c:332:6:increaseTimer	16	static
../Core/Src/Traffic_Light_FSM.c:337:6:updateDisplaySecond	16	static
../Core/Src/Traffic_Light_FSM.c:343:6:resetSettingBuffer	4	static
../Core/Src/Traffic_Light_FSM.c:350:6:modePreset	16	static
../Core/Src/Traffic_Light_FSM.c:366:6:manualModeInit	8	static
../Core/Src/Traffic_Light_FSM.c:379:6:switchGreenLight	8	static
../Core/Src/Traffic_Light_FSM.c:394:6:switchRoute	8	static
../Core/Src/Traffic_Light_FSM.c:405:6:checkButton2LongPressed	8	static
../Core/Src/Traffic_Light_FSM.c:410:6:checkLongPressed	8	static
../Core/Src/Traffic_Light_FSM.c:425:6:trafficLightFSM	8	static
