../Core/Src/Traffic_Light_FSM.c:40:6:Traffic_Light_FSM_Init	32	static
../Core/Src/Traffic_Light_FSM.c:61:6:Traffic_Light_FSM_Run	8	static
../Core/Src/Traffic_Light_FSM.c:189:6:display_Light	8	static
../Core/Src/Traffic_Light_FSM.c:211:6:controllerInit	4	static
../Core/Src/Traffic_Light_FSM.c:219:6:fetchNextState	4	static
../Core/Src/Traffic_Light_FSM.c:236:6:lightOn	8	static
../Core/Src/Traffic_Light_FSM.c:272:6:turnOffLight	8	static
../Core/Src/Traffic_Light_FSM.c:280:6:displayMode	16	static
../Core/Src/Traffic_Light_FSM.c:306:6:saveState	4	static
../Core/Src/Traffic_Light_FSM.c:313:6:increaseTimer	16	static
../Core/Src/Traffic_Light_FSM.c:318:6:updateDisplaySecond	16	static
../Core/Src/Traffic_Light_FSM.c:324:6:resetSettingBuffer	4	static
../Core/Src/Traffic_Light_FSM.c:331:6:modePreset	16	static
../Core/Src/Traffic_Light_FSM.c:346:6:manualModeInit	8	static
../Core/Src/Traffic_Light_FSM.c:352:6:switchGreenLight	8	static
../Core/Src/Traffic_Light_FSM.c:366:6:switchRoute	8	static
../Core/Src/Traffic_Light_FSM.c:376:6:checkButton2LongPressed	8	static
../Core/Src/Traffic_Light_FSM.c:381:6:checkLongPressed	8	static
../Core/Src/Traffic_Light_FSM.c:396:6:traficLightFSM	8	static
