Archive member included to satisfy reference by file (symbol)

D:/STM32CubeIde/STM32CubeIDE_1.16.0/STM32CubeIDE/plugins/com.st.stm32cube.ide.mcu.externaltools.gnu-tools-for-stm32.12.3.rel1.win32_1.0.200.202406191623/tools/bin/../lib/gcc/arm-none-eabi/12.3.1/../../../../arm-none-eabi/lib/thumb/v7-m/nofp\libc_nano.a(libc_a-exit.o)
                              D:/STM32CubeIde/STM32CubeIDE_1.16.0/STM32CubeIDE/plugins/com.st.stm32cube.ide.mcu.externaltools.gnu-tools-for-stm32.12.3.rel1.win32_1.0.200.202406191623/tools/bin/../lib/gcc/arm-none-eabi/12.3.1/../../../../arm-none-eabi/lib/thumb/v7-m/nofp/crt0.o (exit)
D:/STM32CubeIde/STM32CubeIDE_1.16.0/STM32CubeIDE/plugins/com.st.stm32cube.ide.mcu.externaltools.gnu-tools-for-stm32.12.3.rel1.win32_1.0.200.202406191623/tools/bin/../lib/gcc/arm-none-eabi/12.3.1/../../../../arm-none-eabi/lib/thumb/v7-m/nofp\libc_nano.a(libc_a-malloc.o)
                              ./Core/Src/Scheduler.o (malloc)
D:/STM32CubeIde/STM32CubeIDE_1.16.0/STM32CubeIDE/plugins/com.st.stm32cube.ide.mcu.externaltools.gnu-tools-for-stm32.12.3.rel1.win32_1.0.200.202406191623/tools/bin/../lib/gcc/arm-none-eabi/12.3.1/../../../../arm-none-eabi/lib/thumb/v7-m/nofp\libc_nano.a(libc_a-mallocr.o)
                              D:/STM32CubeIde/STM32CubeIDE_1.16.0/STM32CubeIDE/plugins/com.st.stm32cube.ide.mcu.externaltools.gnu-tools-for-stm32.12.3.rel1.win32_1.0.200.202406191623/tools/bin/../lib/gcc/arm-none-eabi/12.3.1/../../../../arm-none-eabi/lib/thumb/v7-m/nofp\libc_nano.a(libc_a-malloc.o) (_malloc_r)
D:/STM32CubeIde/STM32CubeIDE_1.16.0/STM32CubeIDE/plugins/com.st.stm32cube.ide.mcu.externaltools.gnu-tools-for-stm32.12.3.rel1.win32_1.0.200.202406191623/tools/bin/../lib/gcc/arm-none-eabi/12.3.1/../../../../arm-none-eabi/lib/thumb/v7-m/nofp\libc_nano.a(libc_a-mlock.o)
                              D:/STM32CubeIde/STM32CubeIDE_1.16.0/STM32CubeIDE/plugins/com.st.stm32cube.ide.mcu.externaltools.gnu-tools-for-stm32.12.3.rel1.win32_1.0.200.202406191623/tools/bin/../lib/gcc/arm-none-eabi/12.3.1/../../../../arm-none-eabi/lib/thumb/v7-m/nofp\libc_nano.a(libc_a-mallocr.o) (__malloc_lock)
D:/STM32CubeIde/STM32CubeIDE_1.16.0/STM32CubeIDE/plugins/com.st.stm32cube.ide.mcu.externaltools.gnu-tools-for-stm32.12.3.rel1.win32_1.0.200.202406191623/tools/bin/../lib/gcc/arm-none-eabi/12.3.1/../../../../arm-none-eabi/lib/thumb/v7-m/nofp\libc_nano.a(libc_a-findfp.o)
                              D:/STM32CubeIde/STM32CubeIDE_1.16.0/STM32CubeIDE/plugins/com.st.stm32cube.ide.mcu.externaltools.gnu-tools-for-stm32.12.3.rel1.win32_1.0.200.202406191623/tools/bin/../lib/gcc/arm-none-eabi/12.3.1/../../../../arm-none-eabi/lib/thumb/v7-m/nofp\libc_nano.a(libc_a-exit.o) (__stdio_exit_handler)
D:/STM32CubeIde/STM32CubeIDE_1.16.0/STM32CubeIDE/plugins/com.st.stm32cube.ide.mcu.externaltools.gnu-tools-for-stm32.12.3.rel1.win32_1.0.200.202406191623/tools/bin/../lib/gcc/arm-none-eabi/12.3.1/../../../../arm-none-eabi/lib/thumb/v7-m/nofp\libc_nano.a(libc_a-fwalk.o)
                              D:/STM32CubeIde/STM32CubeIDE_1.16.0/STM32CubeIDE/plugins/com.st.stm32cube.ide.mcu.externaltools.gnu-tools-for-stm32.12.3.rel1.win32_1.0.200.202406191623/tools/bin/../lib/gcc/arm-none-eabi/12.3.1/../../../../arm-none-eabi/lib/thumb/v7-m/nofp\libc_nano.a(libc_a-findfp.o) (_fwalk_sglue)
D:/STM32CubeIde/STM32CubeIDE_1.16.0/STM32CubeIDE/plugins/com.st.stm32cube.ide.mcu.externaltools.gnu-tools-for-stm32.12.3.rel1.win32_1.0.200.202406191623/tools/bin/../lib/gcc/arm-none-eabi/12.3.1/../../../../arm-none-eabi/lib/thumb/v7-m/nofp\libc_nano.a(libc_a-stdio.o)
                              D:/STM32CubeIde/STM32CubeIDE_1.16.0/STM32CubeIDE/plugins/com.st.stm32cube.ide.mcu.externaltools.gnu-tools-for-stm32.12.3.rel1.win32_1.0.200.202406191623/tools/bin/../lib/gcc/arm-none-eabi/12.3.1/../../../../arm-none-eabi/lib/thumb/v7-m/nofp\libc_nano.a(libc_a-findfp.o) (__sread)
D:/STM32CubeIde/STM32CubeIDE_1.16.0/STM32CubeIDE/plugins/com.st.stm32cube.ide.mcu.externaltools.gnu-tools-for-stm32.12.3.rel1.win32_1.0.200.202406191623/tools/bin/../lib/gcc/arm-none-eabi/12.3.1/../../../../arm-none-eabi/lib/thumb/v7-m/nofp\libc_nano.a(libc_a-memset.o)
                              D:/STM32CubeIde/STM32CubeIDE_1.16.0/STM32CubeIDE/plugins/com.st.stm32cube.ide.mcu.externaltools.gnu-tools-for-stm32.12.3.rel1.win32_1.0.200.202406191623/tools/bin/../lib/gcc/arm-none-eabi/12.3.1/../../../../arm-none-eabi/lib/thumb/v7-m/nofp/crt0.o (memset)
D:/STM32CubeIde/STM32CubeIDE_1.16.0/STM32CubeIDE/plugins/com.st.stm32cube.ide.mcu.externaltools.gnu-tools-for-stm32.12.3.rel1.win32_1.0.200.202406191623/tools/bin/../lib/gcc/arm-none-eabi/12.3.1/../../../../arm-none-eabi/lib/thumb/v7-m/nofp\libc_nano.a(libc_a-closer.o)
[...]
Memory Configuration

Name             Origin             Length             Attributes
RAM              0x20000000         0x00005000         xrw
FLASH            0x08000000         0x00020000         xr
*default*        0x00000000         0xffffffff

Linker script and memory map

LOAD D:/STM32CubeIde/STM32CubeIDE_1.16.0/STM32CubeIDE/plugins/com.st.stm32cube.ide.mcu.externaltools.gnu-tools-for-stm32.12.3.rel1.win32_1.0.200.202406191623/tools/bin/../lib/gcc/arm-none-eabi/12.3.1/thumb/v7-m/nofp/crti.o
LOAD D:/STM32CubeIde/STM32CubeIDE_1.16.0/STM32CubeIDE/plugins/com.st.stm32cube.ide.mcu.externaltools.gnu-tools-for-stm32.12.3.rel1.win32_1.0.200.202406191623/tools/bin/../lib/gcc/arm-none-eabi/12.3.1/thumb/v7-m/nofp/crtbegin.o
LOAD D:/STM32CubeIde/STM32CubeIDE_1.16.0/STM32CubeIDE/plugins/com.st.stm32cube.ide.mcu.externaltools.gnu-tools-for-stm32.12.3.rel1.win32_1.0.200.202406191623/tools/bin/../lib/gcc/arm-none-eabi/12.3.1/../../../../arm-none-eabi/lib/thumb/v7-m/nofp/crt0.o
LOAD ./Core/Src/Flash.o
LOAD ./Core/Src/I2C_LCD.o
LOAD ./Core/Src/Scheduler.o
LOAD ./Core/Src/Traffic_Light_FSM.o
LOAD ./Core/Src/button.o
LOAD ./Core/Src/main.o
LOAD ./Core/Src/stm32f1xx_hal_msp.o
LOAD ./Core/Src/stm32f1xx_it.o
LOAD ./Core/Src/syscalls.o
LOAD ./Core/Src/sysmem.o
LOAD ./Core/Src/system_stm32f1xx.o
LOAD ./Core/Src/timer.o
LOAD ./Core/Startup/startup_stm32f103rbtx.o
LOAD ./Drivers/STM32F1xx_HAL_Driver/Src/stm32f1xx_hal.o
LOAD ./Drivers/STM32F1xx_HAL_Driver/Src/stm32f1xx_hal_cortex.o
LOAD ./Drivers/STM32F1xx_HAL_Driver/Src/stm32f1xx_hal_dma.o
LOAD ./Drivers/STM32F1xx_HAL_Driver/Src/stm32f1xx_hal_exti.o
LOAD ./Drivers/STM32F1xx_HAL_Driver/Src/stm32f1xx_hal_flash.o
LOAD ./Drivers/STM32F1xx_HAL_Driver/Src/stm32f1xx_hal_flash_ex.o
LOAD ./Drivers/STM32F1xx_HAL_Driver/Src/stm32f1xx_hal_gpio.o
LOAD ./Drivers/STM32F1xx_HAL_Driver/Src/stm32f1xx_hal_gpio_ex.o
LOAD ./Drivers/STM32F1xx_HAL_Driver/Src/stm32f1xx_hal_i2c.o
LOAD ./Drivers/STM32F1xx_HAL_Driver/Src/stm32f1xx_hal_pwr.o
LOAD ./Drivers/STM32F1xx_HAL_Driver/Src/stm32f1xx_hal_rcc.o
LOAD ./Drivers/STM32F1xx_HAL_Driver/Src/stm32f1xx_hal_rcc_ex.o
LOAD ./Drivers/STM32F1xx_HAL_Driver/Src/stm32f1xx_hal_tim.o
LOAD ./Drivers/STM32F1xx_HAL_Driver/Src/stm32f1xx_hal_tim_ex.o
LOAD ./Drivers/STM32F1xx_HAL_Driver/Src/stm32f1xx_hal_uart.o
START GROUP
LOAD D:/STM32CubeIde/STM32CubeIDE_1.16.0/STM32CubeIDE/plugins/com.st.stm32cube.ide.mcu.externaltools.gnu-tools-for-stm32.12.3.rel1.win32_1.0.200.202406191623/tools/bin/../lib/gcc/arm-none-eabi/12.3.1/../../../../arm-none-eabi/lib/thumb/v7-m/nofp\libc_nano.a
LOAD D:/STM32CubeIde/STM32CubeIDE_1.16.0/STM32CubeIDE/plugins/com.st.stm32cube.ide.mcu.externaltools.gnu-tools-for-stm32.12.3.rel1.win32_1.0.200.202406191623/tools/bin/../lib/gcc/arm-none-eabi/12.3.1/../../../../arm-none-eabi/lib/thumb/v7-m/nofp\libm.a
END GROUP
START GROUP
LOAD D:/STM32CubeIde/STM32CubeIDE_1.16.0/STM32CubeIDE/plugins/com.st.stm32cube.ide.mcu.externaltools.gnu-tools-for-stm32.12.3.rel1.win32_1.0.200.202406191623/tools/bin/../lib/gcc/arm-none-eabi/12.3.1/thumb/v7-m/nofp\libgcc.a
LOAD D:/STM32CubeIde/STM32CubeIDE_1.16.0/STM32CubeIDE/plugins/com.st.stm32cube.ide.mcu.externaltools.gnu-tools-for-stm32.12.3.rel1.win32_1.0.200.202406191623/tools/bin/../lib/gcc/arm-none-eabi/12.3.1/../../../../arm-none-eabi/lib/thumb/v7-m/nofp\libc_nano.a
END GROUP
START GROUP
LOAD D:/STM32CubeIde/STM32CubeIDE_1.16.0/STM32CubeIDE/plugins/com.st.stm32cube.ide.mcu.externaltools.gnu-tools-for-stm32.12.3.rel1.win32_1.0.200.202406191623/tools/bin/../lib/gcc/arm-none-eabi/12.3.1/thumb/v7-m/nofp\libgcc.a
LOAD D:/STM32CubeIde/STM32CubeIDE_1.16.0/STM32CubeIDE/plugins/com.st.stm32cube.ide.mcu.externaltools.gnu-tools-for-stm32.12.3.rel1.win32_1.0.200.202406191623/tools/bin/../lib/gcc/arm-none-eabi/12.3.1/../../../../arm-none-eabi/lib/thumb/v7-m/nofp\libc_nano.a
LOAD D:/STM32CubeIde/STM32CubeIDE_1.16.0/STM32CubeIDE/plugins/com.st.stm32cube.ide.mcu.externaltools.gnu-tools-for-stm32.12.3.rel1.win32_1.0.200.202406191623/tools/bin/../lib/gcc/arm-none-eabi/12.3.1/../../../../arm-none-eabi/lib/thumb/v7-m/nofp\libnosys.a
END GROUP
START GROUP
LOAD D:/STM32CubeIde/STM32CubeIDE_1.16.0/STM32CubeIDE/plugins/com.st.stm32cube.ide.mcu.externaltools.gnu-tools-for-stm32.12.3.rel1.win32_1.0.200.202406191623/tools/bin/../lib/gcc/arm-none-eabi/12.3.1/thumb/v7-m/nofp\libgcc.a
LOAD D:/STM32CubeIde/STM32CubeIDE_1.16.0/STM32CubeIDE/plugins/com.st.stm32cube.ide.mcu.externaltools.gnu-tools-for-stm32.12.3.rel1.win32_1.0.200.202406191623/tools/bin/../lib/gcc/arm-none-eabi/12.3.1/../../../../arm-none-eabi/lib/thumb/v7-m/nofp\libc_nano.a
LOAD D:/STM32CubeIde/STM32CubeIDE_1.16.0/STM32CubeIDE/plugins/com.st.stm32cube.ide.mcu.externaltools.gnu-tools-for-stm32.12.3.rel1.win32_1.0.200.202406191623/tools/bin/../lib/gcc/arm-none-eabi/12.3.1/../../../../arm-none-eabi/lib/thumb/v7-m/nofp\libnosys.a
END GROUP
LOAD D:/STM32CubeIde/STM32CubeIDE_1.16.0/STM32CubeIDE/plugins/com.st.stm32cube.ide.mcu.externaltools.gnu-tools-for-stm32.12.3.rel1.win32_1.0.200.202406191623/tools/bin/../lib/gcc/arm-none-eabi/12.3.1/thumb/v7-m/nofp/crtend.o
LOAD D:/STM32CubeIde/STM32CubeIDE_1.16.0/STM32CubeIDE/plugins/com.st.stm32cube.ide.mcu.externaltools.gnu-tools-for-stm32.12.3.rel1.win32_1.0.200.202406191623/tools/bin/../lib/gcc/arm-none-eabi/12.3.1/thumb/v7-m/nofp/crtn.o
                0x20005000                        _estack = (ORIGIN (RAM) + LENGTH (RAM))
                0x00000200                        _Min_Heap_Size = 0x200
                0x00000400                        _Min_Stack_Size = 0x400

.isr_vector     0x08000000      0x10c
                0x08000000                        . = ALIGN (0x4)
 *(.isr_vector)
 .isr_vector    0x08000000      0x10c ./Core/Startup/startup_stm32f103rbtx.o
                0x08000000                g_pfnVectors
                0x0800010c                        . = ALIGN (0x4)

.text           0x0800010c     0x506c
                0x0800010c                        . = ALIGN (0x4)
 *(.text)
 .text          0x0800010c       0x40 D:/STM32CubeIde/STM32CubeIDE_1.16.0/STM32CubeIDE/plugins/com.st.stm32cube.ide.mcu.externaltools.gnu-tools-for-stm32.12.3.rel1.win32_1.0.200.202406191623/tools/bin/../lib/gcc/arm-none-eabi/12.3.1/thumb/v7-m/nofp/crtbegin.o
 *(.text*)
 .text.writePage
                0x0800014c       0x60 ./Core/Src/Flash.o
                0x0800014c                writePage
 .text.readData
                0x080001ac       0x18 ./Core/Src/Flash.o
                0x080001ac                readData
 .text.I2C_Send
                0x080001c4      0x108 ./Core/Src/I2C_LCD.o
                0x080001c4                I2C_Send
 .text.LCD_Init
                0x080002cc       0x74 ./Core/Src/I2C_LCD.o
                0x080002cc                LCD_Init
 .text.clearLCD
                0x08000340       0x28 ./Core/Src/I2C_LCD.o
                0x08000340                clearLCD
 .text.setBlinking
                0x08000368       0x68 ./Core/Src/I2C_LCD.o
                0x08000368                setBlinking
 .text.setCursor
                0x080003d0       0x68 ./Core/Src/I2C_LCD.o
                0x080003d0                setCursor
 .text.SCH_Init
                0x08000438       0x18 ./Core/Src/Scheduler.o
                0x08000438                SCH_Init
 .text.SCH_Add_Task
                0x08000450       0xac ./Core/Src/Scheduler.o
                0x08000450                SCH_Add_Task
 .text.SCH_Add_Task_Dispatcher
                0x080004fc       0xa0 ./Core/Src/Scheduler.o
                0x080004fc                SCH_Add_Task_Dispatcher
 .text.Delete_Task_Dispatcher
                0x0800059c       0x28 ./Core/Src/Scheduler.o
                0x0800059c                Delete_Task_Dispatcher
 .text.Delete_Task
                0x080005c4       0x54 ./Core/Src/Scheduler.o
                0x080005c4                Delete_Task
 .text.SCH_Update
                0x08000618       0x28 ./Core/Src/Scheduler.o
                0x08000618                SCH_Update
 .text.SCH_Dispatcher
                0x08000640       0x60 ./Core/Src/Scheduler.o
                0x08000640                SCH_Dispatcher
 .text.HAL_TIM_PeriodElapsedCallback
                0x080006a0       0x14 ./Core/Src/Scheduler.o
                0x080006a0                HAL_TIM_PeriodElapsedCallback
 .text.Traffic_Light_FSM_Init
                0x080006b4       0xa8 ./Core/Src/Traffic_Light_FSM.o
                0x080006b4                Traffic_Light_FSM_Init
 .text.Traffic_Light_FSM_Run
                0x0800075c      0x410 ./Core/Src/Traffic_Light_FSM.o
                0x0800075c                Traffic_Light_FSM_Run
 .text.display_Light
                0x08000b6c       0x64 ./Core/Src/Traffic_Light_FSM.o
                0x08000b6c                display_Light
 .text.controllerInit
                0x08000bd0       0x58 ./Core/Src/Traffic_Light_FSM.o
                0x08000bd0                controllerInit
 .text.fetchNextState
                0x08000c28       0x5c ./Core/Src/Traffic_Light_FSM.o
                0x08000c28                fetchNextState
 .text.lightOn  0x08000c84      0x128 ./Core/Src/Traffic_Light_FSM.o
                0x08000c84                lightOn
 .text.turnOffLight
                0x08000dac       0x60 ./Core/Src/Traffic_Light_FSM.o
                0x08000dac                turnOffLight
 .text.displayMode
                0x08000e0c       0xf8 ./Core/Src/Traffic_Light_FSM.o
                0x08000e0c                displayMode
 .text.saveState
                0x08000f04       0x64 ./Core/Src/Traffic_Light_FSM.o
                0x08000f04                saveState
 .text.increaseTimer
                0x08000f68       0x2a ./Core/Src/Traffic_Light_FSM.o
                0x08000f68                increaseTimer
 *fill*         0x08000f92        0x2 
 .text.resetSettingBuffer
                0x08000f94       0x34 ./Core/Src/Traffic_Light_FSM.o
                0x08000f94                resetSettingBuffer
 .text.modePreset
                0x08000fc8       0x5c ./Core/Src/Traffic_Light_FSM.o
                0x08000fc8                modePreset
 .text.manualModeInit
                0x08001024       0xb8 ./Core/Src/Traffic_Light_FSM.o
                0x08001024                manualModeInit
 .text.switchGreenLight
                0x080010dc       0xd4 ./Core/Src/Traffic_Light_FSM.o
                0x080010dc                switchGreenLight
 .text.switchRoute
                0x080011b0       0x94 ./Core/Src/Traffic_Light_FSM.o
                0x080011b0                switchRoute
 .text.checkButton2LongPressed
                0x08001244       0x30 ./Core/Src/Traffic_Light_FSM.o
                0x08001244                checkButton2LongPressed
 .text.checkLongPressed
                0x08001274       0x48 ./Core/Src/Traffic_Light_FSM.o
                0x08001274                checkLongPressed
 .text.trafficLightFSM
                0x080012bc      0x188 ./Core/Src/Traffic_Light_FSM.o
                0x080012bc                trafficLightFSM
 .text.Button_Init
                0x08001444       0x9c ./Core/Src/button.o
                0x08001444                Button_Init
 .text.Button_Read
                0x080014e0      0x14c ./Core/Src/button.o
                0x080014e0                Button_Read
 .text.Is_Button_Pressed
                0x0800162c       0x34 ./Core/Src/button.o
                0x0800162c                Is_Button_Pressed
 .text.Is_Button_Long_Pressed
                0x08001660       0x34 ./Core/Src/button.o
                0x08001660                Is_Button_Long_Pressed
 .text.printLightNotify
                0x08001694      0x464 ./Core/Src/main.o
                0x08001694                printLightNotify
 .text.printLight1Mode
                0x08001af8       0x78 ./Core/Src/main.o
                0x08001af8                printLight1Mode
 .text.printLight2Mode
                0x08001b70       0x78 ./Core/Src/main.o
                0x08001b70                printLight2Mode
 .text.printLight1Timer
                0x08001be8      0x2e0 ./Core/Src/main.o
                0x08001be8                printLight1Timer
 .text.printLight2Timer
                0x08001ec8      0x118 ./Core/Src/main.o
                0x08001ec8                printLight2Timer
 .text.cursorOff
                0x08001fe0        0xe ./Core/Src/main.o
                0x08001fe0                cursorOff
 .text.blinkingOff
                0x08001fee        0xe ./Core/Src/main.o
                0x08001fee                blinkingOff
 .text.changeMode
                0x08001ffc       0x64 ./Core/Src/main.o
                0x08001ffc                changeMode
 .text.main     0x08002060      0x138 ./Core/Src/main.o
                0x08002060                main
 .text.SystemClock_Config
                0x08002198       0x8a ./Core/Src/main.o
                0x08002198                SystemClock_Config
 *fill*         0x08002222        0x2 
 .text.MX_I2C1_Init
                0x08002224       0x5c ./Core/Src/main.o
 .text.MX_TIM2_Init
                0x08002280       0x98 ./Core/Src/main.o
 .text.MX_TIM3_Init
                0x08002318       0x9c ./Core/Src/main.o
 .text.MX_USART2_UART_Init
                0x080023b4       0x54 ./Core/Src/main.o
 .text.MX_GPIO_Init
                0x08002408      0x14c ./Core/Src/main.o
 .text.Error_Handler
                0x08002554        0xc ./Core/Src/main.o
                0x08002554                Error_Handler
 .text.HAL_MspInit
                0x08002560       0x64 ./Core/Src/stm32f1xx_hal_msp.o
                0x08002560                HAL_MspInit
 .text.HAL_I2C_MspInit
                0x080025c4       0xa0 ./Core/Src/stm32f1xx_hal_msp.o
                0x080025c4                HAL_I2C_MspInit
 .text.HAL_TIM_Base_MspInit
                0x08002664       0x80 ./Core/Src/stm32f1xx_hal_msp.o
                0x08002664                HAL_TIM_Base_MspInit
 .text.HAL_UART_MspInit
                0x080026e4       0x7c ./Core/Src/stm32f1xx_hal_msp.o
                0x080026e4                HAL_UART_MspInit
 .text.NMI_Handler
                0x08002760        0x8 ./Core/Src/stm32f1xx_it.o
                0x08002760                NMI_Handler
 .text.HardFault_Handler
                0x08002768        0xc ./Core/Src/stm32f1xx_it.o
                0x08002768                HardFault_Handler
 .text.MemManage_Handler
                0x08002774        0x8 ./Core/Src/stm32f1xx_it.o
                0x08002774                MemManage_Handler
 .text.BusFault_Handler
                0x0800277c        0x8 ./Core/Src/stm32f1xx_it.o
                0x0800277c                BusFault_Handler
 .text.UsageFault_Handler
                0x08002784        0x8 ./Core/Src/stm32f1xx_it.o
                0x08002784                UsageFault_Handler
 .text.SVC_Handler
                0x0800278c        0xc ./Core/Src/stm32f1xx_it.o
                0x0800278c                SVC_Handler
 .text.DebugMon_Handler
                0x08002798        0xc ./Core/Src/stm32f1xx_it.o
                0x08002798                DebugMon_Handler
 .text.PendSV_Handler
                0x080027a4        0xc ./Core/Src/stm32f1xx_it.o
                0x080027a4                PendSV_Handler
 .text.SysTick_Handler
                0x080027b0        0xc ./Core/Src/stm32f1xx_it.o
                0x080027b0                SysTick_Handler
 .text.TIM2_IRQHandler
                0x080027bc       0x14 ./Core/Src/stm32f1xx_it.o
                0x080027bc                TIM2_IRQHandler
 .text.TIM3_IRQHandler
                0x080027d0       0x14 ./Core/Src/stm32f1xx_it.o
                0x080027d0                TIM3_IRQHandler
 .text.EXTI15_10_IRQHandler
                0x080027e4       0x10 ./Core/Src/stm32f1xx_it.o
                0x080027e4                EXTI15_10_IRQHandler
 .text._sbrk    0x080027f4       0x6c ./Core/Src/sysmem.o
                0x080027f4                _sbrk
 .text.SystemInit
                0x08002860        0xc ./Core/Src/system_stm32f1xx.o
                0x08002860                SystemInit
 .text.Reset_Handler
                0x0800286c       0x48 ./Core/Startup/startup_stm32f103rbtx.o
                0x0800286c                Reset_Handler
 .text.Default_Handler
                0x080028b4        0x2 ./Core/Startup/startup_stm32f103rbtx.o
                0x080028b4                RTC_Alarm_IRQHandler
                0x080028b4                EXTI2_IRQHandler
                0x080028b4                TIM1_CC_IRQHandler
                0x080028b4                PVD_IRQHandler
                0x080028b4                EXTI3_IRQHandler
                0x080028b4                EXTI0_IRQHandler
                0x080028b4                I2C2_EV_IRQHandler
                0x080028b4                ADC1_2_IRQHandler
                0x080028b4                SPI1_IRQHandler
                0x080028b4                TAMPER_IRQHandler
                0x080028b4                DMA1_Channel4_IRQHandler
                0x080028b4                USART3_IRQHandler
                0x080028b4                RTC_IRQHandler
                0x080028b4                DMA1_Channel7_IRQHandler
                0x080028b4                CAN1_RX1_IRQHandler
                0x080028b4                TIM4_IRQHandler
                0x080028b4                I2C1_EV_IRQHandler
                0x080028b4                DMA1_Channel6_IRQHandler
                0x080028b4                RCC_IRQHandler
                0x080028b4                TIM1_TRG_COM_IRQHandler
                0x080028b4                DMA1_Channel1_IRQHandler
                0x080028b4                Default_Handler
                0x080028b4                EXTI9_5_IRQHandler
                0x080028b4                SPI2_IRQHandler
                0x080028b4                DMA1_Channel5_IRQHandler
                0x080028b4                EXTI4_IRQHandler
                0x080028b4                USB_LP_CAN1_RX0_IRQHandler
                0x080028b4                USB_HP_CAN1_TX_IRQHandler
                0x080028b4                DMA1_Channel3_IRQHandler
                0x080028b4                TIM1_UP_IRQHandler
                0x080028b4                WWDG_IRQHandler
                0x080028b4                TIM1_BRK_IRQHandler
                0x080028b4                EXTI1_IRQHandler
                0x080028b4                USART2_IRQHandler
                0x080028b4                I2C2_ER_IRQHandler
                0x080028b4                DMA1_Channel2_IRQHandler
                0x080028b4                CAN1_SCE_IRQHandler
                0x080028b4                FLASH_IRQHandler
                0x080028b4                USART1_IRQHandler
                0x080028b4                I2C1_ER_IRQHandler
                0x080028b4                USBWakeUp_IRQHandler
 *fill*         0x080028b6        0x2 
 .text.HAL_Init
                0x080028b8       0x2c ./Drivers/STM32F1xx_HAL_Driver/Src/stm32f1xx_hal.o
                0x080028b8                HAL_Init
 .text.HAL_InitTick
                0x080028e4       0x60 ./Drivers/STM32F1xx_HAL_Driver/Src/stm32f1xx_hal.o
                0x080028e4                HAL_InitTick
 .text.HAL_IncTick
                0x08002944       0x24 ./Drivers/STM32F1xx_HAL_Driver/Src/stm32f1xx_hal.o
                0x08002944                HAL_IncTick
 .text.HAL_GetTick
                0x08002968       0x14 ./Drivers/STM32F1xx_HAL_Driver/Src/stm32f1xx_hal.o
                0x08002968                HAL_GetTick
 .text.HAL_Delay
                0x0800297c       0x48 ./Drivers/STM32F1xx_HAL_Driver/Src/stm32f1xx_hal.o
                0x0800297c                HAL_Delay
 .text.__NVIC_SetPriorityGrouping
                0x080029c4       0x48 ./Drivers/STM32F1xx_HAL_Driver/Src/stm32f1xx_hal_cortex.o
 .text.__NVIC_GetPriorityGrouping
                0x08002a0c       0x1c ./Drivers/STM32F1xx_HAL_Driver/Src/stm32f1xx_hal_cortex.o
 .text.__NVIC_EnableIRQ
                0x08002a28       0x38 ./Drivers/STM32F1xx_HAL_Driver/Src/stm32f1xx_hal_cortex.o
 .text.__NVIC_SetPriority
                0x08002a60       0x54 ./Drivers/STM32F1xx_HAL_Driver/Src/stm32f1xx_hal_cortex.o
 .text.NVIC_EncodePriority
                0x08002ab4       0x64 ./Drivers/STM32F1xx_HAL_Driver/Src/stm32f1xx_hal_cortex.o
 .text.SysTick_Config
                0x08002b18       0x44 ./Drivers/STM32F1xx_HAL_Driver/Src/stm32f1xx_hal_cortex.o
 .text.HAL_NVIC_SetPriorityGrouping
                0x08002b5c       0x16 ./Drivers/STM32F1xx_HAL_Driver/Src/stm32f1xx_hal_cortex.o
                0x08002b5c                HAL_NVIC_SetPriorityGrouping
 .text.HAL_NVIC_SetPriority
                0x08002b72       0x38 ./Drivers/STM32F1xx_HAL_Driver/Src/stm32f1xx_hal_cortex.o
                0x08002b72                HAL_NVIC_SetPriority
 .text.HAL_NVIC_EnableIRQ
                0x08002baa       0x1c ./Drivers/STM32F1xx_HAL_Driver/Src/stm32f1xx_hal_cortex.o
                0x08002baa                HAL_NVIC_EnableIRQ
 .text.HAL_SYSTICK_Config
                0x08002bc6       0x18 ./Drivers/STM32F1xx_HAL_Driver/Src/stm32f1xx_hal_cortex.o
                0x08002bc6                HAL_SYSTICK_Config
 *fill*         0x08002bde        0x2 
 .text.HAL_FLASH_Program
                0x08002be0       0xe0 ./Drivers/STM32F1xx_HAL_Driver/Src/stm32f1xx_hal_flash.o
                0x08002be0                HAL_FLASH_Program
 .text.HAL_FLASH_Unlock
                0x08002cc0       0x4c ./Drivers/STM32F1xx_HAL_Driver/Src/stm32f1xx_hal_flash.o
                0x08002cc0                HAL_FLASH_Unlock
 .text.HAL_FLASH_Lock
                0x08002d0c       0x20 ./Drivers/STM32F1xx_HAL_Driver/Src/stm32f1xx_hal_flash.o
                0x08002d0c                HAL_FLASH_Lock
 .text.FLASH_Program_HalfWord
                0x08002d2c       0x38 ./Drivers/STM32F1xx_HAL_Driver/Src/stm32f1xx_hal_flash.o
 .text.FLASH_WaitForLastOperation
                0x08002d64       0x8c ./Drivers/STM32F1xx_HAL_Driver/Src/stm32f1xx_hal_flash.o
                0x08002d64                FLASH_WaitForLastOperation
 .text.FLASH_SetErrorCode
                0x08002df0       0xa0 ./Drivers/STM32F1xx_HAL_Driver/Src/stm32f1xx_hal_flash.o
 .text.HAL_FLASHEx_Erase
                0x08002e90       0xd8 ./Drivers/STM32F1xx_HAL_Driver/Src/stm32f1xx_hal_flash_ex.o
                0x08002e90                HAL_FLASHEx_Erase
 .text.FLASH_MassErase
                0x08002f68       0x38 ./Drivers/STM32F1xx_HAL_Driver/Src/stm32f1xx_hal_flash_ex.o
 .text.FLASH_PageErase
                0x08002fa0       0x40 ./Drivers/STM32F1xx_HAL_Driver/Src/stm32f1xx_hal_flash_ex.o
                0x08002fa0                FLASH_PageErase
 .text.HAL_GPIO_Init
                0x08002fe0      0x308 ./Drivers/STM32F1xx_HAL_Driver/Src/stm32f1xx_hal_gpio.o
                0x08002fe0                HAL_GPIO_Init
 .text.HAL_GPIO_ReadPin
                0x080032e8       0x2e ./Drivers/STM32F1xx_HAL_Driver/Src/stm32f1xx_hal_gpio.o
                0x080032e8                HAL_GPIO_ReadPin
 .text.HAL_GPIO_WritePin
                0x08003316       0x30 ./Drivers/STM32F1xx_HAL_Driver/Src/stm32f1xx_hal_gpio.o
                0x08003316                HAL_GPIO_WritePin
 .text.HAL_GPIO_TogglePin
                0x08003346       0x32 ./Drivers/STM32F1xx_HAL_Driver/Src/stm32f1xx_hal_gpio.o
                0x08003346                HAL_GPIO_TogglePin
 .text.HAL_GPIO_EXTI_IRQHandler
                0x08003378       0x30 ./Drivers/STM32F1xx_HAL_Driver/Src/stm32f1xx_hal_gpio.o
                0x08003378                HAL_GPIO_EXTI_IRQHandler
 .text.HAL_GPIO_EXTI_Callback
                0x080033a8       0x14 ./Drivers/STM32F1xx_HAL_Driver/Src/stm32f1xx_hal_gpio.o
                0x080033a8                HAL_GPIO_EXTI_Callback
 .text.HAL_I2C_Init
                0x080033bc      0x288 ./Drivers/STM32F1xx_HAL_Driver/Src/stm32f1xx_hal_i2c.o
                0x080033bc                HAL_I2C_Init
 .text.HAL_I2C_Master_Transmit
                0x08003644      0x1fc ./Drivers/STM32F1xx_HAL_Driver/Src/stm32f1xx_hal_i2c.o
                0x08003644                HAL_I2C_Master_Transmit
 .text.I2C_MasterRequestWrite
                0x08003840      0x104 ./Drivers/STM32F1xx_HAL_Driver/Src/stm32f1xx_hal_i2c.o
 .text.I2C_WaitOnFlagUntilTimeout
                0x08003944       0xf4 ./Drivers/STM32F1xx_HAL_Driver/Src/stm32f1xx_hal_i2c.o
 .text.I2C_WaitOnMasterAddressFlagUntilTimeout
                0x08003a38      0x140 ./Drivers/STM32F1xx_HAL_Driver/Src/stm32f1xx_hal_i2c.o
 .text.I2C_WaitOnTXEFlagUntilTimeout
                0x08003b78       0x90 ./Drivers/STM32F1xx_HAL_Driver/Src/stm32f1xx_hal_i2c.o
 .text.I2C_WaitOnBTFFlagUntilTimeout
                0x08003c08       0x90 ./Drivers/STM32F1xx_HAL_Driver/Src/stm32f1xx_hal_i2c.o
 .text.I2C_IsAcknowledgeFailed
                0x08003c98       0x5c ./Drivers/STM32F1xx_HAL_Driver/Src/stm32f1xx_hal_i2c.o
 .text.HAL_RCC_OscConfig
                0x08003cf4      0x504 ./Drivers/STM32F1xx_HAL_Driver/Src/stm32f1xx_hal_rcc.o
                0x08003cf4                HAL_RCC_OscConfig
 .text.HAL_RCC_ClockConfig
                0x080041f8      0x1d4 ./Drivers/STM32F1xx_HAL_Driver/Src/stm32f1xx_hal_rcc.o
                0x080041f8                HAL_RCC_ClockConfig
 .text.HAL_RCC_GetSysClockFreq
                0x080043cc       0xa8 ./Drivers/STM32F1xx_HAL_Driver/Src/stm32f1xx_hal_rcc.o
                0x080043cc                HAL_RCC_GetSysClockFreq
 .text.HAL_RCC_GetHCLKFreq
                0x08004474       0x14 ./Drivers/STM32F1xx_HAL_Driver/Src/stm32f1xx_hal_rcc.o
                0x08004474                HAL_RCC_GetHCLKFreq
 .text.HAL_RCC_GetPCLK1Freq
                0x08004488       0x28 ./Drivers/STM32F1xx_HAL_Driver/Src/stm32f1xx_hal_rcc.o
                0x08004488                HAL_RCC_GetPCLK1Freq
 .text.HAL_RCC_GetPCLK2Freq
                0x080044b0       0x28 ./Drivers/STM32F1xx_HAL_Driver/Src/stm32f1xx_hal_rcc.o
                0x080044b0                HAL_RCC_GetPCLK2Freq
 .text.RCC_Delay
                0x080044d8       0x3c ./Drivers/STM32F1xx_HAL_Driver/Src/stm32f1xx_hal_rcc.o
 .text.HAL_TIM_Base_Init
                0x08004514       0x9e ./Drivers/STM32F1xx_HAL_Driver/Src/stm32f1xx_hal_tim.o
                0x08004514                HAL_TIM_Base_Init
 *fill*         0x080045b2        0x2 
 .text.HAL_TIM_Base_Start_IT
                0x080045b4       0xa4 ./Drivers/STM32F1xx_HAL_Driver/Src/stm32f1xx_hal_tim.o
                0x080045b4                HAL_TIM_Base_Start_IT
 .text.HAL_TIM_IRQHandler
                0x08004658      0x210 ./Drivers/STM32F1xx_HAL_Driver/Src/stm32f1xx_hal_tim.o
                0x08004658                HAL_TIM_IRQHandler
 .text.HAL_TIM_ConfigClockSource
                0x08004868      0x18e ./Drivers/STM32F1xx_HAL_Driver/Src/stm32f1xx_hal_tim.o
                0x08004868                HAL_TIM_ConfigClockSource
 .text.HAL_TIM_OC_DelayElapsedCallback
                0x080049f6       0x12 ./Drivers/STM32F1xx_HAL_Driver/Src/stm32f1xx_hal_tim.o
                0x080049f6                HAL_TIM_OC_DelayElapsedCallback
 .text.HAL_TIM_IC_CaptureCallback
                0x08004a08       0x12 ./Drivers/STM32F1xx_HAL_Driver/Src/stm32f1xx_hal_tim.o
                0x08004a08                HAL_TIM_IC_CaptureCallback
 .text.HAL_TIM_PWM_PulseFinishedCallback
                0x08004a1a       0x12 ./Drivers/STM32F1xx_HAL_Driver/Src/stm32f1xx_hal_tim.o
                0x08004a1a                HAL_TIM_PWM_PulseFinishedCallback
 .text.HAL_TIM_TriggerCallback
                0x08004a2c       0x12 ./Drivers/STM32F1xx_HAL_Driver/Src/stm32f1xx_hal_tim.o
                0x08004a2c                HAL_TIM_TriggerCallback
 *fill*         0x08004a3e        0x2 
 .text.TIM_Base_SetConfig
                0x08004a40       0xc4 ./Drivers/STM32F1xx_HAL_Driver/Src/stm32f1xx_hal_tim.o
                0x08004a40                TIM_Base_SetConfig
 .text.TIM_TI1_ConfigInputStage
                0x08004b04       0x5c ./Drivers/STM32F1xx_HAL_Driver/Src/stm32f1xx_hal_tim.o
 .text.TIM_TI2_ConfigInputStage
                0x08004b60       0x5e ./Drivers/STM32F1xx_HAL_Driver/Src/stm32f1xx_hal_tim.o
 .text.TIM_ITRx_SetConfig
                0x08004bbe       0x34 ./Drivers/STM32F1xx_HAL_Driver/Src/stm32f1xx_hal_tim.o
 .text.TIM_ETR_SetConfig
                0x08004bf2       0x3e ./Drivers/STM32F1xx_HAL_Driver/Src/stm32f1xx_hal_tim.o
                0x08004bf2                TIM_ETR_SetConfig
 .text.HAL_TIMEx_MasterConfigSynchronization
                0x08004c30       0xbc ./Drivers/STM32F1xx_HAL_Driver/Src/stm32f1xx_hal_tim_ex.o
                0x08004c30                HAL_TIMEx_MasterConfigSynchronization
 .text.HAL_TIMEx_CommutCallback
                0x08004cec       0x12 ./Drivers/STM32F1xx_HAL_Driver/Src/stm32f1xx_hal_tim_ex.o
                0x08004cec                HAL_TIMEx_CommutCallback
 .text.HAL_TIMEx_BreakCallback
                0x08004cfe       0x12 ./Drivers/STM32F1xx_HAL_Driver/Src/stm32f1xx_hal_tim_ex.o
                0x08004cfe                HAL_TIMEx_BreakCallback
 .text.HAL_UART_Init
                0x08004d10       0xa0 ./Drivers/STM32F1xx_HAL_Driver/Src/stm32f1xx_hal_uart.o
                0x08004d10                HAL_UART_Init
 .text.UART_SetConfig
                0x08004db0      0x11c ./Drivers/STM32F1xx_HAL_Driver/Src/stm32f1xx_hal_uart.o
 .text.malloc   0x08004ecc       0x10 D:/STM32CubeIde/STM32CubeIDE_1.16.0/STM32CubeIDE/plugins/com.st.stm32cube.ide.mcu.externaltools.gnu-tools-for-stm32.12.3.rel1.win32_1.0.200.202406191623/tools/bin/../lib/gcc/arm-none-eabi/12.3.1/../../../../arm-none-eabi/lib/thumb/v7-m/nofp\libc_nano.a(libc_a-malloc.o)
                0x08004ecc                malloc
 .text.free     0x08004edc       0x10 D:/STM32CubeIde/STM32CubeIDE_1.16.0/STM32CubeIDE/plugins/com.st.stm32cube.ide.mcu.externaltools.gnu-tools-for-stm32.12.3.rel1.win32_1.0.200.202406191623/tools/bin/../lib/gcc/arm-none-eabi/12.3.1/../../../../arm-none-eabi/lib/thumb/v7-m/nofp\libc_nano.a(libc_a-malloc.o)
                0x08004edc                free
 .text.sbrk_aligned
                0x08004eec       0x44 D:/STM32CubeIde/STM32CubeIDE_1.16.0/STM32CubeIDE/plugins/com.st.stm32cube.ide.mcu.externaltools.gnu-tools-for-stm32.12.3.rel1.win32_1.0.200.202406191623/tools/bin/../lib/gcc/arm-none-eabi/12.3.1/../../../../arm-none-eabi/lib/thumb/v7-m/nofp\libc_nano.a(libc_a-mallocr.o)
 .text._malloc_r
                0x08004f30      0x100 D:/STM32CubeIde/STM32CubeIDE_1.16.0/STM32CubeIDE/plugins/com.st.stm32cube.ide.mcu.externaltools.gnu-tools-for-stm32.12.3.rel1.win32_1.0.200.202406191623/tools/bin/../lib/gcc/arm-none-eabi/12.3.1/../../../../arm-none-eabi/lib/thumb/v7-m/nofp\libc_nano.a(libc_a-mallocr.o)
                0x08004f30                _malloc_r
 .text.__malloc_lock
                0x08005030        0xc D:/STM32CubeIde/STM32CubeIDE_1.16.0/STM32CubeIDE/plugins/com.st.stm32cube.ide.mcu.externaltools.gnu-tools-for-stm32.12.3.rel1.win32_1.0.200.202406191623/tools/bin/../lib/gcc/arm-none-eabi/12.3.1/../../../../arm-none-eabi/lib/thumb/v7-m/nofp\libc_nano.a(libc_a-mlock.o)
                0x08005030                __malloc_lock
 .text.__malloc_unlock
                0x0800503c        0xc D:/STM32CubeIde/STM32CubeIDE_1.16.0/STM32CubeIDE/plugins/com.st.stm32cube.ide.mcu.externaltools.gnu-tools-for-stm32.12.3.rel1.win32_1.0.200.202406191623/tools/bin/../lib/gcc/arm-none-eabi/12.3.1/../../../../arm-none-eabi/lib/thumb/v7-m/nofp\libc_nano.a(libc_a-mlock.o)
                0x0800503c                __malloc_unlock
 .text.memset   0x08005048       0x10 D:/STM32CubeIde/STM32CubeIDE_1.16.0/STM32CubeIDE/plugins/com.st.stm32cube.ide.mcu.externaltools.gnu-tools-for-stm32.12.3.rel1.win32_1.0.200.202406191623/tools/bin/../lib/gcc/arm-none-eabi/12.3.1/../../../../arm-none-eabi/lib/thumb/v7-m/nofp\libc_nano.a(libc_a-memset.o)
                0x08005048                memset
 .text._sbrk_r  0x08005058       0x20 D:/STM32CubeIde/STM32CubeIDE_1.16.0/STM32CubeIDE/plugins/com.st.stm32cube.ide.mcu.externaltools.gnu-tools-for-stm32.12.3.rel1.win32_1.0.200.202406191623/tools/bin/../lib/gcc/arm-none-eabi/12.3.1/../../../../arm-none-eabi/lib/thumb/v7-m/nofp\libc_nano.a(libc_a-sbrkr.o)
                0x08005058                _sbrk_r
 .text.__errno  0x08005078        0xc D:/STM32CubeIde/STM32CubeIDE_1.16.0/STM32CubeIDE/plugins/com.st.stm32cube.ide.mcu.externaltools.gnu-tools-for-stm32.12.3.rel1.win32_1.0.200.202406191623/tools/bin/../lib/gcc/arm-none-eabi/12.3.1/../../../../arm-none-eabi/lib/thumb/v7-m/nofp\libc_nano.a(libc_a-errno.o)
                0x08005078                __errno
 .text.__libc_init_array
                0x08005084       0x48 D:/STM32CubeIde/STM32CubeIDE_1.16.0/STM32CubeIDE/plugins/com.st.stm32cube.ide.mcu.externaltools.gnu-tools-for-stm32.12.3.rel1.win32_1.0.200.202406191623/tools/bin/../lib/gcc/arm-none-eabi/12.3.1/../../../../arm-none-eabi/lib/thumb/v7-m/nofp\libc_nano.a(libc_a-init.o)
                0x08005084                __libc_init_array
 .text.__retarget_lock_acquire_recursive
                0x080050cc        0x2 D:/STM32CubeIde/STM32CubeIDE_1.16.0/STM32CubeIDE/plugins/com.st.stm32cube.ide.mcu.externaltools.gnu-tools-for-stm32.12.3.rel1.win32_1.0.200.202406191623/tools/bin/../lib/gcc/arm-none-eabi/12.3.1/../../../../arm-none-eabi/lib/thumb/v7-m/nofp\libc_nano.a(libc_a-lock.o)
                0x080050cc                __retarget_lock_acquire_recursive
 .text.__retarget_lock_release_recursive
                0x080050ce        0x2 D:/STM32CubeIde/STM32CubeIDE_1.16.0/STM32CubeIDE/plugins/com.st.stm32cube.ide.mcu.externaltools.gnu-tools-for-stm32.12.3.rel1.win32_1.0.200.202406191623/tools/bin/../lib/gcc/arm-none-eabi/12.3.1/../../../../arm-none-eabi/lib/thumb/v7-m/nofp\libc_nano.a(libc_a-lock.o)
                0x080050ce                __retarget_lock_release_recursive
 .text._free_r  0x080050d0       0x90 D:/STM32CubeIde/STM32CubeIDE_1.16.0/STM32CubeIDE/plugins/com.st.stm32cube.ide.mcu.externaltools.gnu-tools-for-stm32.12.3.rel1.win32_1.0.200.202406191623/tools/bin/../lib/gcc/arm-none-eabi/12.3.1/../../../../arm-none-eabi/lib/thumb/v7-m/nofp\libc_nano.a(libc_a-freer.o)
                0x080050d0                _free_r
 *(.glue_7)
 .glue_7        0x08005160        0x0 linker stubs
 *(.glue_7t)
 .glue_7t       0x08005160        0x0 linker stubs
 *(.eh_frame)
 .eh_frame      0x08005160        0x0 D:/STM32CubeIde/STM32CubeIDE_1.16.0/STM32CubeIDE/plugins/com.st.stm32cube.ide.mcu.externaltools.gnu-tools-for-stm32.12.3.rel1.win32_1.0.200.202406191623/tools/bin/../lib/gcc/arm-none-eabi/12.3.1/thumb/v7-m/nofp/crtbegin.o
 *(.init)
 .init          0x08005160        0x4 D:/STM32CubeIde/STM32CubeIDE_1.16.0/STM32CubeIDE/plugins/com.st.stm32cube.ide.mcu.externaltools.gnu-tools-for-stm32.12.3.rel1.win32_1.0.200.202406191623/tools/bin/../lib/gcc/arm-none-eabi/12.3.1/thumb/v7-m/nofp/crti.o
                0x08005160                _init
 .init          0x08005164        0x8 D:/STM32CubeIde/STM32CubeIDE_1.16.0/STM32CubeIDE/plugins/com.st.stm32cube.ide.mcu.externaltools.gnu-tools-for-stm32.12.3.rel1.win32_1.0.200.202406191623/tools/bin/../lib/gcc/arm-none-eabi/12.3.1/thumb/v7-m/nofp/crtn.o
 *(.fini)
 .fini          0x0800516c        0x4 D:/STM32CubeIde/STM32CubeIDE_1.16.0/STM32CubeIDE/plugins/com.st.stm32cube.ide.mcu.externaltools.gnu-tools-for-stm32.12.3.rel1.win32_1.0.200.202406191623/tools/bin/../lib/gcc/arm-none-eabi/12.3.1/thumb/v7-m/nofp/crti.o
                0x0800516c                _fini
 .fini          0x08005170        0x8 D:/STM32CubeIde/STM32CubeIDE_1.16.0/STM32CubeIDE/plugins/com.st.stm32cube.ide.mcu.externaltools.gnu-tools-for-stm32.12.3.rel1.win32_1.0.200.202406191623/tools/bin/../lib/gcc/arm-none-eabi/12.3.1/thumb/v7-m/nofp/crtn.o
                0x08005178                        . = ALIGN (0x4)
                0x08005178                        _etext = .

.vfp11_veneer   0x08005178        0x0
 .vfp11_veneer  0x08005178        0x0 linker stubs

.v4_bx          0x08005178        0x0
 .v4_bx         0x08005178        0x0 linker stubs

.iplt           0x08005178        0x0
 .iplt          0x08005178        0x0 D:/STM32CubeIde/STM32CubeIDE_1.16.0/STM32CubeIDE/plugins/com.st.stm32cube.ide.mcu.externaltools.gnu-tools-for-stm32.12.3.rel1.win32_1.0.200.202406191623/tools/bin/../lib/gcc/arm-none-eabi/12.3.1/thumb/v7-m/nofp/crtbegin.o

.rodata         0x08005178       0x90
                0x08005178                        . = ALIGN (0x4)
 *(.rodata)
 .rodata        0x08005178       0x63 ./Core/Src/main.o
 *(.rodata*)
 *fill*         0x080051db        0x1 
 .rodata.AHBPrescTable
                0x080051dc       0x10 ./Core/Src/system_stm32f1xx.o
                0x080051dc                AHBPrescTable
 .rodata.APBPrescTable
                0x080051ec        0x8 ./Core/Src/system_stm32f1xx.o
                0x080051ec                APBPrescTable
 .rodata.aPLLMULFactorTable.1
                0x080051f4       0x10 ./Drivers/STM32F1xx_HAL_Driver/Src/stm32f1xx_hal_rcc.o
 .rodata.aPredivFactorTable.0
                0x08005204        0x2 ./Drivers/STM32F1xx_HAL_Driver/Src/stm32f1xx_hal_rcc.o
                0x08005208                        . = ALIGN (0x4)
 *fill*         0x08005206        0x2 

.ARM.extab      0x08005208        0x0
                0x08005208                        . = ALIGN (0x4)
 *(.ARM.extab* .gnu.linkonce.armextab.*)
                0x08005208                        . = ALIGN (0x4)

.ARM            0x08005208        0x0
                0x08005208                        . = ALIGN (0x4)
                0x08005208                        __exidx_start = .
 *(.ARM.exidx*)
                0x08005208                        __exidx_end = .
                0x08005208                        . = ALIGN (0x4)

.preinit_array  0x08005208        0x0
                0x08005208                        . = ALIGN (0x4)
                0x08005208                        PROVIDE (__preinit_array_start = .)
 *(.preinit_array*)
                0x08005208                        PROVIDE (__preinit_array_end = .)
                0x08005208                        . = ALIGN (0x4)

.init_array     0x08005208        0x4
                0x08005208                        . = ALIGN (0x4)
                0x08005208                        PROVIDE (__init_array_start = .)
 *(SORT_BY_NAME(.init_array.*))
 *(.init_array*)
 .init_array    0x08005208        0x4 D:/STM32CubeIde/STM32CubeIDE_1.16.0/STM32CubeIDE/plugins/com.st.stm32cube.ide.mcu.externaltools.gnu-tools-for-stm32.12.3.rel1.win32_1.0.200.202406191623/tools/bin/../lib/gcc/arm-none-eabi/12.3.1/thumb/v7-m/nofp/crtbegin.o
                0x0800520c                        PROVIDE (__init_array_end = .)
                0x0800520c                        . = ALIGN (0x4)

.fini_array     0x0800520c        0x4
                0x0800520c                        . = ALIGN (0x4)
                [!provide]                        PROVIDE (__fini_array_start = .)
 *(SORT_BY_NAME(.fini_array.*))
 *(.fini_array*)
 .fini_array    0x0800520c        0x4 D:/STM32CubeIde/STM32CubeIDE_1.16.0/STM32CubeIDE/plugins/com.st.stm32cube.ide.mcu.externaltools.gnu-tools-for-stm32.12.3.rel1.win32_1.0.200.202406191623/tools/bin/../lib/gcc/arm-none-eabi/12.3.1/thumb/v7-m/nofp/crtbegin.o
                [!provide]                        PROVIDE (__fini_array_end = .)
                0x08005210                        . = ALIGN (0x4)
                0x08005210                        _sidata = LOADADDR (.data)

.rel.dyn        0x08005210        0x0
 .rel.iplt      0x08005210        0x0 D:/STM32CubeIde/STM32CubeIDE_1.16.0/STM32CubeIDE/plugins/com.st.stm32cube.ide.mcu.externaltools.gnu-tools-for-stm32.12.3.rel1.win32_1.0.200.202406191623/tools/bin/../lib/gcc/arm-none-eabi/12.3.1/thumb/v7-m/nofp/crtbegin.o

.data           0x20000000       0xa8 load address 0x08005210
                0x20000000                        . = ALIGN (0x4)
                0x20000000                        _sdata = .
 *(.data)
 *(.data*)
 .data._backlightval
                0x20000000        0x1 ./Core/Src/I2C_LCD.o
                0x20000000                _backlightval
 .data.D        0x20000001        0x1 ./Core/Src/I2C_LCD.o
                0x20000001                D
 *fill*         0x20000002        0x2 
 .data.changeModeFlag
                0x20000004        0x4 ./Core/Src/Traffic_Light_FSM.o
                0x20000004                changeModeFlag
 .data.Mode     0x20000008        0x1 ./Core/Src/Traffic_Light_FSM.o
                0x20000008                Mode
 *fill*         0x20000009        0x3 
 .data.isLight1Manual
                0x2000000c        0x4 ./Core/Src/Traffic_Light_FSM.o
                0x2000000c                isLight1Manual
 .data.waitSwitchingTaskID
                0x20000010        0x4 ./Core/Src/Traffic_Light_FSM.o
                0x20000010                waitSwitchingTaskID
 .data.second   0x20000014        0x4 ./Core/Src/Traffic_Light_FSM.o
                0x20000014                second
 .data.settingBuffer
                0x20000018        0xc ./Core/Src/Traffic_Light_FSM.o
                0x20000018                settingBuffer
 .data.RED_Timer
                0x20000024        0x4 ./Core/Src/Traffic_Light_FSM.o
                0x20000024                RED_Timer
 .data.AMBER_Timer
                0x20000028        0x4 ./Core/Src/Traffic_Light_FSM.o
                0x20000028                AMBER_Timer
 .data.GREEN_Timer
                0x2000002c        0x4 ./Core/Src/Traffic_Light_FSM.o
                0x2000002c                GREEN_Timer
 .data.redLightTimer
                0x20000030        0x4 ./Core/Src/Traffic_Light_FSM.o
                0x20000030                redLightTimer
 .data.longPressedID
                0x20000034        0x4 ./Core/Src/Traffic_Light_FSM.o
                0x20000034                longPressedID
 .data.scanCount
                0x20000038        0x4 ./Core/Src/Traffic_Light_FSM.o
                0x20000038                scanCount
 .data.blinkCount
                0x2000003c        0x4 ./Core/Src/Traffic_Light_FSM.o
                0x2000003c                blinkCount
 .data.amberBlinkCount
                0x20000040        0x4 ./Core/Src/Traffic_Light_FSM.o
                0x20000040                amberBlinkCount
 .data.light1Mode
                0x20000044        0x3 ./Core/Src/main.o
                0x20000044                light1Mode
 *fill*         0x20000047        0x1 
 .data.light2Mode
                0x20000048        0x3 ./Core/Src/main.o
                0x20000048                light2Mode
 *fill*         0x2000004b        0x1 
 .data.SystemCoreClock
                0x2000004c        0x4 ./Core/Src/system_stm32f1xx.o
                0x2000004c                SystemCoreClock
 .data.uwTickPrio
                0x20000050        0x4 ./Drivers/STM32F1xx_HAL_Driver/Src/stm32f1xx_hal.o
                0x20000050                uwTickPrio
 .data.uwTickFreq
                0x20000054        0x1 ./Drivers/STM32F1xx_HAL_Driver/Src/stm32f1xx_hal.o
                0x20000054                uwTickFreq
 *fill*         0x20000055        0x3 
 .data._impure_ptr
                0x20000058        0x4 D:/STM32CubeIde/STM32CubeIDE_1.16.0/STM32CubeIDE/plugins/com.st.stm32cube.ide.mcu.externaltools.gnu-tools-for-stm32.12.3.rel1.win32_1.0.200.202406191623/tools/bin/../lib/gcc/arm-none-eabi/12.3.1/../../../../arm-none-eabi/lib/thumb/v7-m/nofp\libc_nano.a(libc_a-impure.o)
                0x20000058                _impure_ptr
 .data._impure_data
                0x2000005c       0x4c D:/STM32CubeIde/STM32CubeIDE_1.16.0/STM32CubeIDE/plugins/com.st.stm32cube.ide.mcu.externaltools.gnu-tools-for-stm32.12.3.rel1.win32_1.0.200.202406191623/tools/bin/../lib/gcc/arm-none-eabi/12.3.1/../../../../arm-none-eabi/lib/thumb/v7-m/nofp\libc_nano.a(libc_a-impure.o)
                0x2000005c                _impure_data
 *(.RamFunc)
 *(.RamFunc*)
                0x200000a8                        . = ALIGN (0x4)
                0x200000a8                        _edata = .

.igot.plt       0x200000a8        0x0 load address 0x080052b8
 .igot.plt      0x200000a8        0x0 D:/STM32CubeIde/STM32CubeIDE_1.16.0/STM32CubeIDE/plugins/com.st.stm32cube.ide.mcu.externaltools.gnu-tools-for-stm32.12.3.rel1.win32_1.0.200.202406191623/tools/bin/../lib/gcc/arm-none-eabi/12.3.1/thumb/v7-m/nofp/crtbegin.o
                0x200000a8                        . = ALIGN (0x4)

.bss            0x200000a8      0x380 load address 0x080052b8
                0x200000a8                        _sbss = .
                0x200000a8                        __bss_start__ = _sbss
 *(.bss)
 .bss           0x200000a8       0x1c D:/STM32CubeIde/STM32CubeIDE_1.16.0/STM32CubeIDE/plugins/com.st.stm32cube.ide.mcu.externaltools.gnu-tools-for-stm32.12.3.rel1.win32_1.0.200.202406191623/tools/bin/../lib/gcc/arm-none-eabi/12.3.1/thumb/v7-m/nofp/crtbegin.o
 *(.bss*)
 .bss.dataSize  0x200000c4        0x4 ./Core/Src/Flash.o
                0x200000c4                dataSize
 .bss.C         0x200000c8        0x1 ./Core/Src/I2C_LCD.o
                0x200000c8                C
 .bss.B         0x200000c9        0x1 ./Core/Src/I2C_LCD.o
                0x200000c9                B
 *fill*         0x200000ca        0x2 
 .bss.lcd_i2c   0x200000cc        0x4 ./Core/Src/I2C_LCD.o
                0x200000cc                lcd_i2c
 .bss.SCH_Tasks
                0x200000d0        0x4 ./Core/Src/Scheduler.o
                0x200000d0                SCH_Tasks
 .bss.taskID    0x200000d4        0x4 ./Core/Src/Scheduler.o
                0x200000d4                taskID
 .bss.init      0x200000d8        0x4 ./Core/Src/Traffic_Light_FSM.o
                0x200000d8                init
 .bss.setFlag   0x200000dc        0x4 ./Core/Src/Traffic_Light_FSM.o
                0x200000dc                setFlag
 .bss.waitSwitchingFlag
                0x200000e0        0x4 ./Core/Src/Traffic_Light_FSM.o
                0x200000e0                waitSwitchingFlag
 .bss.lightController
                0x200000e4        0x2 ./Core/Src/Traffic_Light_FSM.o
                0x200000e4                lightController
 *fill*         0x200000e6        0x2 
 .bss.count     0x200000e8        0x4 ./Core/Src/Traffic_Light_FSM.o
                0x200000e8                count
 .bss.led_count
                0x200000ec        0x4 ./Core/Src/Traffic_Light_FSM.o
                0x200000ec                led_count
 .bss.amber_blinking_count
                0x200000f0        0x4 ./Core/Src/Traffic_Light_FSM.o
                0x200000f0                amber_blinking_count
 .bss.milliSec  0x200000f4        0x4 ./Core/Src/Traffic_Light_FSM.o
                0x200000f4                milliSec
 .bss.LED_Buffer
                0x200000f8       0x10 ./Core/Src/Traffic_Light_FSM.o
                0x200000f8                LED_Buffer
 .bss.LIGHT1_Port
                0x20000108        0x8 ./Core/Src/Traffic_Light_FSM.o
                0x20000108                LIGHT1_Port
 .bss.LIGHT2_Port
                0x20000110        0x8 ./Core/Src/Traffic_Light_FSM.o
                0x20000110                LIGHT2_Port
 .bss.LIGHT1_Pin
                0x20000118        0x8 ./Core/Src/Traffic_Light_FSM.o
                0x20000118                LIGHT1_Pin
 .bss.LIGHT2_Pin
                0x20000120        0x8 ./Core/Src/Traffic_Light_FSM.o
                0x20000120                LIGHT2_Pin
 .bss.ButtonPort
                0x20000128        0xc ./Core/Src/button.o
                0x20000128                ButtonPort
 .bss.ButtonPin
                0x20000134        0xc ./Core/Src/button.o
                0x20000134                ButtonPin
 .bss.input_buffer
                0x20000140       0x30 ./Core/Src/button.o
                0x20000140                input_buffer
 .bss.ButtonState
                0x20000170        0xc ./Core/Src/button.o
                0x20000170                ButtonState
 .bss.ButtonLongPressedState
                0x2000017c        0xc ./Core/Src/button.o
                0x2000017c                ButtonLongPressedState
 .bss.sample    0x20000188        0x4 ./Core/Src/button.o
                0x20000188                sample
 .bss.hi2c1     0x2000018c       0x54 ./Core/Src/main.o
                0x2000018c                hi2c1
 .bss.htim2     0x200001e0       0x48 ./Core/Src/main.o
                0x200001e0                htim2
 .bss.htim3     0x20000228       0x48 ./Core/Src/main.o
                0x20000228                htim3
 .bss.huart2    0x20000270       0x48 ./Core/Src/main.o
                0x20000270                huart2
 .bss.__sbrk_heap_end
                0x200002b8        0x4 ./Core/Src/sysmem.o
 .bss.uwTick    0x200002bc        0x4 ./Drivers/STM32F1xx_HAL_Driver/Src/stm32f1xx_hal.o
                0x200002bc                uwTick
 .bss.pFlash    0x200002c0       0x20 ./Drivers/STM32F1xx_HAL_Driver/Src/stm32f1xx_hal_flash.o
                0x200002c0                pFlash
 .bss.__malloc_sbrk_start
                0x200002e0        0x4 D:/STM32CubeIde/STM32CubeIDE_1.16.0/STM32CubeIDE/plugins/com.st.stm32cube.ide.mcu.externaltools.gnu-tools-for-stm32.12.3.rel1.win32_1.0.200.202406191623/tools/bin/../lib/gcc/arm-none-eabi/12.3.1/../../../../arm-none-eabi/lib/thumb/v7-m/nofp\libc_nano.a(libc_a-mallocr.o)
                0x200002e0                __malloc_sbrk_start
 .bss.__malloc_free_list
                0x200002e4        0x4 D:/STM32CubeIde/STM32CubeIDE_1.16.0/STM32CubeIDE/plugins/com.st.stm32cube.ide.mcu.externaltools.gnu-tools-for-stm32.12.3.rel1.win32_1.0.200.202406191623/tools/bin/../lib/gcc/arm-none-eabi/12.3.1/../../../../arm-none-eabi/lib/thumb/v7-m/nofp\libc_nano.a(libc_a-mallocr.o)
                0x200002e4                __malloc_free_list
 .bss.__sf      0x200002e8      0x138 D:/STM32CubeIde/STM32CubeIDE_1.16.0/STM32CubeIDE/plugins/com.st.stm32cube.ide.mcu.externaltools.gnu-tools-for-stm32.12.3.rel1.win32_1.0.200.202406191623/tools/bin/../lib/gcc/arm-none-eabi/12.3.1/../../../../arm-none-eabi/lib/thumb/v7-m/nofp\libc_nano.a(libc_a-findfp.o)
                0x200002e8                __sf
 .bss.errno     0x20000420        0x4 D:/STM32CubeIde/STM32CubeIDE_1.16.0/STM32CubeIDE/plugins/com.st.stm32cube.ide.mcu.externaltools.gnu-tools-for-stm32.12.3.rel1.win32_1.0.200.202406191623/tools/bin/../lib/gcc/arm-none-eabi/12.3.1/../../../../arm-none-eabi/lib/thumb/v7-m/nofp\libc_nano.a(libc_a-reent.o)
                0x20000420                errno
 .bss.__lock___malloc_recursive_mutex
                0x20000424        0x1 D:/STM32CubeIde/STM32CubeIDE_1.16.0/STM32CubeIDE/plugins/com.st.stm32cube.ide.mcu.externaltools.gnu-tools-for-stm32.12.3.rel1.win32_1.0.200.202406191623/tools/bin/../lib/gcc/arm-none-eabi/12.3.1/../../../../arm-none-eabi/lib/thumb/v7-m/nofp\libc_nano.a(libc_a-lock.o)
                0x20000424                __lock___malloc_recursive_mutex
 *(COMMON)
                0x20000428                        . = ALIGN (0x4)
 *fill*         0x20000425        0x3 
                0x20000428                        _ebss = .
                0x20000428                        __bss_end__ = _ebss

._user_heap_stack
                0x20000428      0x600 load address 0x080052b8
                0x20000428                        . = ALIGN (0x8)
                [!provide]                        PROVIDE (end = .)
                0x20000428                        PROVIDE (_end = .)
                0x20000628                        . = (. + _Min_Heap_Size)
 *fill*         0x20000428      0x200 
                0x20000a28                        . = (. + _Min_Stack_Size)
 *fill*         0x20000628      0x400 
                0x20000a28                        . = ALIGN (0x8)

/DISCARD/
 libc.a(*)
 libm.a(*)
 libgcc.a(*)

.ARM.attributes
                0x00000000       0x29
 *(.ARM.attributes)
 .ARM.attributes
                0x00000000       0x1d D:/STM32CubeIde/STM32CubeIDE_1.16.0/STM32CubeIDE/plugins/com.st.stm32cube.ide.mcu.externaltools.gnu-tools-for-stm32.12.3.rel1.win32_1.0.200.202406191623/tools/bin/../lib/gcc/arm-none-eabi/12.3.1/thumb/v7-m/nofp/crti.o
 .ARM.attributes
                0x0000001d       0x2d D:/STM32CubeIde/STM32CubeIDE_1.16.0/STM32CubeIDE/plugins/com.st.stm32cube.ide.mcu.externaltools.gnu-tools-for-stm32.12.3.rel1.win32_1.0.200.202406191623/tools/bin/../lib/gcc/arm-none-eabi/12.3.1/thumb/v7-m/nofp/crtbegin.o
 .ARM.attributes
                0x0000004a       0x2d ./Core/Src/Flash.o
 .ARM.attributes
                0x00000077       0x2d ./Core/Src/I2C_LCD.o
 .ARM.attributes
                0x000000a4       0x2d ./Core/Src/Scheduler.o
 .ARM.attributes
                0x000000d1       0x2d ./Core/Src/Traffic_Light_FSM.o
 .ARM.attributes
                0x000000fe       0x2d ./Core/Src/button.o
 .ARM.attributes
                0x0000012b       0x2d ./Core/Src/main.o
 .ARM.attributes
                0x00000158       0x2d ./Core/Src/stm32f1xx_hal_msp.o
 .ARM.attributes
                0x00000185       0x2d ./Core/Src/stm32f1xx_it.o
 .ARM.attributes
                0x000001b2       0x2d ./Core/Src/sysmem.o
 .ARM.attributes
                0x000001df       0x2d ./Core/Src/system_stm32f1xx.o
 .ARM.attributes
                0x0000020c       0x21 ./Core/Startup/startup_stm32f103rbtx.o
 .ARM.attributes
                0x0000022d       0x2d ./Drivers/STM32F1xx_HAL_Driver/Src/stm32f1xx_hal.o
 .ARM.attributes
                0x0000025a       0x2d ./Drivers/STM32F1xx_HAL_Driver/Src/stm32f1xx_hal_cortex.o
 .ARM.attributes
                0x00000287       0x2d ./Drivers/STM32F1xx_HAL_Driver/Src/stm32f1xx_hal_flash.o
 .ARM.attributes
                0x000002b4       0x2d ./Drivers/STM32F1xx_HAL_Driver/Src/stm32f1xx_hal_flash_ex.o
 .ARM.attributes
                0x000002e1       0x2d ./Drivers/STM32F1xx_HAL_Driver/Src/stm32f1xx_hal_gpio.o
 .ARM.attributes
                0x0000030e       0x2d ./Drivers/STM32F1xx_HAL_Driver/Src/stm32f1xx_hal_i2c.o
 .ARM.attributes
                0x0000033b       0x2d ./Drivers/STM32F1xx_HAL_Driver/Src/stm32f1xx_hal_rcc.o
 .ARM.attributes
                0x00000368       0x2d ./Drivers/STM32F1xx_HAL_Driver/Src/stm32f1xx_hal_tim.o
 .ARM.attributes
                0x00000395       0x2d ./Drivers/STM32F1xx_HAL_Driver/Src/stm32f1xx_hal_tim_ex.o
 .ARM.attributes
                0x000003c2       0x2d ./Drivers/STM32F1xx_HAL_Driver/Src/stm32f1xx_hal_uart.o
 .ARM.attributes
                0x000003ef       0x2d D:/STM32CubeIde/STM32CubeIDE_1.16.0/STM32CubeIDE/plugins/com.st.stm32cube.ide.mcu.externaltools.gnu-tools-for-stm32.12.3.rel1.win32_1.0.200.202406191623/tools/bin/../lib/gcc/arm-none-eabi/12.3.1/../../../../arm-none-eabi/lib/thumb/v7-m/nofp\libc_nano.a(libc_a-malloc.o)
 .ARM.attributes
                0x0000041c       0x2d D:/STM32CubeIde/STM32CubeIDE_1.16.0/STM32CubeIDE/plugins/com.st.stm32cube.ide.mcu.externaltools.gnu-tools-for-stm32.12.3.rel1.win32_1.0.200.202406191623/tools/bin/../lib/gcc/arm-none-eabi/12.3.1/../../../../arm-none-eabi/lib/thumb/v7-m/nofp\libc_nano.a(libc_a-mallocr.o)
 .ARM.attributes
                0x00000449       0x2d D:/STM32CubeIde/STM32CubeIDE_1.16.0/STM32CubeIDE/plugins/com.st.stm32cube.ide.mcu.externaltools.gnu-tools-for-stm32.12.3.rel1.win32_1.0.200.202406191623/tools/bin/../lib/gcc/arm-none-eabi/12.3.1/../../../../arm-none-eabi/lib/thumb/v7-m/nofp\libc_nano.a(libc_a-mlock.o)
 .ARM.attributes
                0x00000476       0x2d D:/STM32CubeIde/STM32CubeIDE_1.16.0/STM32CubeIDE/plugins/com.st.stm32cube.ide.mcu.externaltools.gnu-tools-for-stm32.12.3.rel1.win32_1.0.200.202406191623/tools/bin/../lib/gcc/arm-none-eabi/12.3.1/../../../../arm-none-eabi/lib/thumb/v7-m/nofp\libc_nano.a(libc_a-findfp.o)
 .ARM.attributes
                0x000004a3       0x2d D:/STM32CubeIde/STM32CubeIDE_1.16.0/STM32CubeIDE/plugins/com.st.stm32cube.ide.mcu.externaltools.gnu-tools-for-stm32.12.3.rel1.win32_1.0.200.202406191623/tools/bin/../lib/gcc/arm-none-eabi/12.3.1/../../../../arm-none-eabi/lib/thumb/v7-m/nofp\libc_nano.a(libc_a-memset.o)
 .ARM.attributes
                0x000004d0       0x2d D:/STM32CubeIde/STM32CubeIDE_1.16.0/STM32CubeIDE/plugins/com.st.stm32cube.ide.mcu.externaltools.gnu-tools-for-stm32.12.3.rel1.win32_1.0.200.202406191623/tools/bin/../lib/gcc/arm-none-eabi/12.3.1/../../../../arm-none-eabi/lib/thumb/v7-m/nofp\libc_nano.a(libc_a-reent.o)
 .ARM.attributes
                0x000004fd       0x2d D:/STM32CubeIde/STM32CubeIDE_1.16.0/STM32CubeIDE/plugins/com.st.stm32cube.ide.mcu.externaltools.gnu-tools-for-stm32.12.3.rel1.win32_1.0.200.202406191623/tools/bin/../lib/gcc/arm-none-eabi/12.3.1/../../../../arm-none-eabi/lib/thumb/v7-m/nofp\libc_nano.a(libc_a-impure.o)
 .ARM.attributes
                0x0000052a       0x2d D:/STM32CubeIde/STM32CubeIDE_1.16.0/STM32CubeIDE/plugins/com.st.stm32cube.ide.mcu.externaltools.gnu-tools-for-stm32.12.3.rel1.win32_1.0.200.202406191623/tools/bin/../lib/gcc/arm-none-eabi/12.3.1/../../../../arm-none-eabi/lib/thumb/v7-m/nofp\libc_nano.a(libc_a-sbrkr.o)
 .ARM.attributes
                0x00000557       0x2d D:/STM32CubeIde/STM32CubeIDE_1.16.0/STM32CubeIDE/plugins/com.st.stm32cube.ide.mcu.externaltools.gnu-tools-for-stm32.12.3.rel1.win32_1.0.200.202406191623/tools/bin/../lib/gcc/arm-none-eabi/12.3.1/../../../../arm-none-eabi/lib/thumb/v7-m/nofp\libc_nano.a(libc_a-errno.o)
 .ARM.attributes
                0x00000584       0x2d D:/STM32CubeIde/STM32CubeIDE_1.16.0/STM32CubeIDE/plugins/com.st.stm32cube.ide.mcu.externaltools.gnu-tools-for-stm32.12.3.rel1.win32_1.0.200.202406191623/tools/bin/../lib/gcc/arm-none-eabi/12.3.1/../../../../arm-none-eabi/lib/thumb/v7-m/nofp\libc_nano.a(libc_a-init.o)
 .ARM.attributes
                0x000005b1       0x2d D:/STM32CubeIde/STM32CubeIDE_1.16.0/STM32CubeIDE/plugins/com.st.stm32cube.ide.mcu.externaltools.gnu-tools-for-stm32.12.3.rel1.win32_1.0.200.202406191623/tools/bin/../lib/gcc/arm-none-eabi/12.3.1/../../../../arm-none-eabi/lib/thumb/v7-m/nofp\libc_nano.a(libc_a-lock.o)
 .ARM.attributes
                0x000005de       0x2d D:/STM32CubeIde/STM32CubeIDE_1.16.0/STM32CubeIDE/plugins/com.st.stm32cube.ide.mcu.externaltools.gnu-tools-for-stm32.12.3.rel1.win32_1.0.200.202406191623/tools/bin/../lib/gcc/arm-none-eabi/12.3.1/../../../../arm-none-eabi/lib/thumb/v7-m/nofp\libc_nano.a(libc_a-freer.o)
 .ARM.attributes
                0x0000060b       0x1d D:/STM32CubeIde/STM32CubeIDE_1.16.0/STM32CubeIDE/plugins/com.st.stm32cube.ide.mcu.externaltools.gnu-tools-for-stm32.12.3.rel1.win32_1.0.200.202406191623/tools/bin/../lib/gcc/arm-none-eabi/12.3.1/thumb/v7-m/nofp/crtn.o
OUTPUT(Light_Controller_NUCLEO.elf elf32-littlearm)
LOAD linker stubs
LOAD D:/STM32CubeIde/STM32CubeIDE_1.16.0/STM32CubeIDE/plugins/com.st.stm32cube.ide.mcu.externaltools.gnu-tools-for-stm32.12.3.rel1.win32_1.0.200.202406191623/tools/bin/../lib/gcc/arm-none-eabi/12.3.1/../../../../arm-none-eabi/lib/thumb/v7-m/nofp\libc.a
LOAD D:/STM32CubeIde/STM32CubeIDE_1.16.0/STM32CubeIDE/plugins/com.st.stm32cube.ide.mcu.externaltools.gnu-tools-for-stm32.12.3.rel1.win32_1.0.200.202406191623/tools/bin/../lib/gcc/arm-none-eabi/12.3.1/../../../../arm-none-eabi/lib/thumb/v7-m/nofp\libm.a
LOAD D:/STM32CubeIde/STM32CubeIDE_1.16.0/STM32CubeIDE/plugins/com.st.stm32cube.ide.mcu.externaltools.gnu-tools-for-stm32.12.3.rel1.win32_1.0.200.202406191623/tools/bin/../lib/gcc/arm-none-eabi/12.3.1/thumb/v7-m/nofp\libgcc.a

.debug_info     0x00000000    0x11674
 .debug_info    0x00000000      0x244 ./Core/Src/Flash.o
 .debug_info    0x00000244      0x7e7 ./Core/Src/I2C_LCD.o
 .debug_info    0x00000a2b      0x899 ./Core/Src/Scheduler.o
 .debug_info    0x000012c4      0xe54 ./Core/Src/Traffic_Light_FSM.o
 .debug_info    0x00002118      0x377 ./Core/Src/button.o
 .debug_info    0x0000248f     0x18a2 ./Core/Src/main.o
 .debug_info    0x00003d31     0x1089 ./Core/Src/stm32f1xx_hal_msp.o
 .debug_info    0x00004dba      0x6f3 ./Core/Src/stm32f1xx_it.o
 .debug_info    0x000054ad      0x168 ./Core/Src/sysmem.o
 .debug_info    0x00005615      0x222 ./Core/Src/system_stm32f1xx.o
 .debug_info    0x00005837       0x30 ./Core/Startup/startup_stm32f103rbtx.o
 .debug_info    0x00005867      0x704 ./Drivers/STM32F1xx_HAL_Driver/Src/stm32f1xx_hal.o
 .debug_info    0x00005f6b      0xa87 ./Drivers/STM32F1xx_HAL_Driver/Src/stm32f1xx_hal_cortex.o
 .debug_info    0x000069f2      0x4f8 ./Drivers/STM32F1xx_HAL_Driver/Src/stm32f1xx_hal_flash.o
 .debug_info    0x00006eea      0x777 ./Drivers/STM32F1xx_HAL_Driver/Src/stm32f1xx_hal_flash_ex.o
 .debug_info    0x00007661      0x5ab ./Drivers/STM32F1xx_HAL_Driver/Src/stm32f1xx_hal_gpio.o
 .debug_info    0x00007c0c     0x2515 ./Drivers/STM32F1xx_HAL_Driver/Src/stm32f1xx_hal_i2c.o
 .debug_info    0x0000a121      0x7d5 ./Drivers/STM32F1xx_HAL_Driver/Src/stm32f1xx_hal_rcc.o
 .debug_info    0x0000a8f6     0x293b ./Drivers/STM32F1xx_HAL_Driver/Src/stm32f1xx_hal_tim.o
 .debug_info    0x0000d231     0x149b ./Drivers/STM32F1xx_HAL_Driver/Src/stm32f1xx_hal_tim_ex.o
 .debug_info    0x0000e6cc     0x2fa8 ./Drivers/STM32F1xx_HAL_Driver/Src/stm32f1xx_hal_uart.o

.debug_abbrev   0x00000000     0x2c38
 .debug_abbrev  0x00000000      0x136 ./Core/Src/Flash.o
 .debug_abbrev  0x00000136      0x247 ./Core/Src/I2C_LCD.o
 .debug_abbrev  0x0000037d      0x1fa ./Core/Src/Scheduler.o
 .debug_abbrev  0x00000577      0x343 ./Core/Src/Traffic_Light_FSM.o
 .debug_abbrev  0x000008ba      0x1a2 ./Core/Src/button.o
 .debug_abbrev  0x00000a5c      0x36b ./Core/Src/main.o
 .debug_abbrev  0x00000dc7      0x209 ./Core/Src/stm32f1xx_hal_msp.o
 .debug_abbrev  0x00000fd0      0x1a8 ./Core/Src/stm32f1xx_it.o
 .debug_abbrev  0x00001178       0xbc ./Core/Src/sysmem.o
 .debug_abbrev  0x00001234      0x13f ./Core/Src/system_stm32f1xx.o
 .debug_abbrev  0x00001373       0x24 ./Core/Startup/startup_stm32f103rbtx.o
 .debug_abbrev  0x00001397      0x201 ./Drivers/STM32F1xx_HAL_Driver/Src/stm32f1xx_hal.o
 .debug_abbrev  0x00001598      0x2f8 ./Drivers/STM32F1xx_HAL_Driver/Src/stm32f1xx_hal_cortex.o
 .debug_abbrev  0x00001890      0x250 ./Drivers/STM32F1xx_HAL_Driver/Src/stm32f1xx_hal_flash.o
 .debug_abbrev  0x00001ae0      0x247 ./Drivers/STM32F1xx_HAL_Driver/Src/stm32f1xx_hal_flash_ex.o
 .debug_abbrev  0x00001d27      0x1ca ./Drivers/STM32F1xx_HAL_Driver/Src/stm32f1xx_hal_gpio.o
 .debug_abbrev  0x00001ef1      0x2a3 ./Drivers/STM32F1xx_HAL_Driver/Src/stm32f1xx_hal_i2c.o
 .debug_abbrev  0x00002194      0x2b3 ./Drivers/STM32F1xx_HAL_Driver/Src/stm32f1xx_hal_rcc.o
 .debug_abbrev  0x00002447      0x277 ./Drivers/STM32F1xx_HAL_Driver/Src/stm32f1xx_hal_tim.o
 .debug_abbrev  0x000026be      0x282 ./Drivers/STM32F1xx_HAL_Driver/Src/stm32f1xx_hal_tim_ex.o
 .debug_abbrev  0x00002940      0x2f8 ./Drivers/STM32F1xx_HAL_Driver/Src/stm32f1xx_hal_uart.o

.debug_aranges  0x00000000     0x1160
 .debug_aranges
                0x00000000       0x28 ./Core/Src/Flash.o
 .debug_aranges
                0x00000028       0x58 ./Core/Src/I2C_LCD.o
 .debug_aranges
                0x00000080       0x58 ./Core/Src/Scheduler.o
 .debug_aranges
                0x000000d8       0xb0 ./Core/Src/Traffic_Light_FSM.o
 .debug_aranges
                0x00000188       0x38 ./Core/Src/button.o
 .debug_aranges
                0x000001c0       0x98 ./Core/Src/main.o
 .debug_aranges
                0x00000258       0x50 ./Core/Src/stm32f1xx_hal_msp.o
 .debug_aranges
                0x000002a8       0x78 ./Core/Src/stm32f1xx_it.o
 .debug_aranges
                0x00000320       0x20 ./Core/Src/sysmem.o
 .debug_aranges
                0x00000340       0x28 ./Core/Src/system_stm32f1xx.o
 .debug_aranges
                0x00000368       0x28 ./Core/Startup/startup_stm32f103rbtx.o
 .debug_aranges
                0x00000390       0xe0 ./Drivers/STM32F1xx_HAL_Driver/Src/stm32f1xx_hal.o
 .debug_aranges
                0x00000470      0x100 ./Drivers/STM32F1xx_HAL_Driver/Src/stm32f1xx_hal_cortex.o
 .debug_aranges
                0x00000570       0x88 ./Drivers/STM32F1xx_HAL_Driver/Src/stm32f1xx_hal_flash.o
 .debug_aranges
                0x000005f8       0x98 ./Drivers/STM32F1xx_HAL_Driver/Src/stm32f1xx_hal_flash_ex.o
 .debug_aranges
                0x00000690       0x58 ./Drivers/STM32F1xx_HAL_Driver/Src/stm32f1xx_hal_gpio.o
 .debug_aranges
                0x000006e8      0x2a8 ./Drivers/STM32F1xx_HAL_Driver/Src/stm32f1xx_hal_i2c.o
 .debug_aranges
                0x00000990       0x90 ./Drivers/STM32F1xx_HAL_Driver/Src/stm32f1xx_hal_rcc.o
 .debug_aranges
                0x00000a20      0x3d0 ./Drivers/STM32F1xx_HAL_Driver/Src/stm32f1xx_hal_tim.o
 .debug_aranges
                0x00000df0      0x168 ./Drivers/STM32F1xx_HAL_Driver/Src/stm32f1xx_hal_tim_ex.o
 .debug_aranges
                0x00000f58      0x208 ./Drivers/STM32F1xx_HAL_Driver/Src/stm32f1xx_hal_uart.o

.debug_rnglists
                0x00000000      0xda8
 .debug_rnglists
                0x00000000       0x19 ./Core/Src/Flash.o
 .debug_rnglists
                0x00000019       0x3f ./Core/Src/I2C_LCD.o
 .debug_rnglists
                0x00000058       0x3f ./Core/Src/Scheduler.o
 .debug_rnglists
                0x00000097       0x87 ./Core/Src/Traffic_Light_FSM.o
 .debug_rnglists
                0x0000011e       0x27 ./Core/Src/button.o
 .debug_rnglists
                0x00000145       0x75 ./Core/Src/main.o
 .debug_rnglists
                0x000001ba       0x39 ./Core/Src/stm32f1xx_hal_msp.o
 .debug_rnglists
                0x000001f3       0x55 ./Core/Src/stm32f1xx_it.o
 .debug_rnglists
                0x00000248       0x13 ./Core/Src/sysmem.o
 .debug_rnglists
                0x0000025b       0x1a ./Core/Src/system_stm32f1xx.o
 .debug_rnglists
                0x00000275       0x19 ./Core/Startup/startup_stm32f103rbtx.o
 .debug_rnglists
                0x0000028e       0xa3 ./Drivers/STM32F1xx_HAL_Driver/Src/stm32f1xx_hal.o
 .debug_rnglists
                0x00000331       0xbb ./Drivers/STM32F1xx_HAL_Driver/Src/stm32f1xx_hal_cortex.o
 .debug_rnglists
                0x000003ec       0x66 ./Drivers/STM32F1xx_HAL_Driver/Src/stm32f1xx_hal_flash.o
 .debug_rnglists
                0x00000452       0x74 ./Drivers/STM32F1xx_HAL_Driver/Src/stm32f1xx_hal_flash_ex.o
 .debug_rnglists
                0x000004c6       0x3f ./Drivers/STM32F1xx_HAL_Driver/Src/stm32f1xx_hal_gpio.o
 .debug_rnglists
                0x00000505      0x23c ./Drivers/STM32F1xx_HAL_Driver/Src/stm32f1xx_hal_i2c.o
 .debug_rnglists
                0x00000741       0x6c ./Drivers/STM32F1xx_HAL_Driver/Src/stm32f1xx_hal_rcc.o
 .debug_rnglists
                0x000007ad      0x31a ./Drivers/STM32F1xx_HAL_Driver/Src/stm32f1xx_hal_tim.o
 .debug_rnglists
                0x00000ac7      0x125 ./Drivers/STM32F1xx_HAL_Driver/Src/stm32f1xx_hal_tim_ex.o
 .debug_rnglists
                0x00000bec      0x1bc ./Drivers/STM32F1xx_HAL_Driver/Src/stm32f1xx_hal_uart.o

.debug_macro    0x00000000    0x18f76
 .debug_macro   0x00000000      0x1c5 ./Core/Src/Flash.o
 .debug_macro   0x000001c5      0xaa8 ./Core/Src/Flash.o
 .debug_macro   0x00000c6d      0x221 ./Core/Src/Flash.o
 .debug_macro   0x00000e8e       0x2e ./Core/Src/Flash.o
 .debug_macro   0x00000ebc       0x22 ./Core/Src/Flash.o
 .debug_macro   0x00000ede       0x22 ./Core/Src/Flash.o
 .debug_macro   0x00000f00       0x8e ./Core/Src/Flash.o
 .debug_macro   0x00000f8e       0x51 ./Core/Src/Flash.o
 .debug_macro   0x00000fdf      0x103 ./Core/Src/Flash.o
 .debug_macro   0x000010e2       0x6a ./Core/Src/Flash.o
 .debug_macro   0x0000114c      0x1df ./Core/Src/Flash.o
 .debug_macro   0x0000132b       0x1c ./Core/Src/Flash.o
 .debug_macro   0x00001347       0x22 ./Core/Src/Flash.o
 .debug_macro   0x00001369       0xbd ./Core/Src/Flash.o
 .debug_macro   0x00001426      0xd23 ./Core/Src/Flash.o
 .debug_macro   0x00002149     0xe09e ./Core/Src/Flash.o
 .debug_macro   0x000101e7       0x6d ./Core/Src/Flash.o
 .debug_macro   0x00010254     0x348d ./Core/Src/Flash.o
 .debug_macro   0x000136e1      0x189 ./Core/Src/Flash.o
 .debug_macro   0x0001386a       0x5c ./Core/Src/Flash.o
 .debug_macro   0x000138c6      0x5bc ./Core/Src/Flash.o
 .debug_macro   0x00013e82      0x289 ./Core/Src/Flash.o
 .debug_macro   0x0001410b      0x1cb ./Core/Src/Flash.o
 .debug_macro   0x000142d6      0x114 ./Core/Src/Flash.o
 .debug_macro   0x000143ea      0x1b2 ./Core/Src/Flash.o
 .debug_macro   0x0001459c       0x27 ./Core/Src/Flash.o
 .debug_macro   0x000145c3      0x136 ./Core/Src/Flash.o
 .debug_macro   0x000146f9      0x1bc ./Core/Src/Flash.o
 .debug_macro   0x000148b5       0x34 ./Core/Src/Flash.o
 .debug_macro   0x000148e9       0x3c ./Core/Src/Flash.o
 .debug_macro   0x00014925       0x57 ./Core/Src/Flash.o
 .debug_macro   0x0001497c       0x87 ./Core/Src/Flash.o
 .debug_macro   0x00014a03      0x240 ./Core/Src/Flash.o
 .debug_macro   0x00014c43      0x287 ./Core/Src/Flash.o
 .debug_macro   0x00014eca      0x140 ./Core/Src/Flash.o
 .debug_macro   0x0001500a      0x8ed ./Core/Src/Flash.o
 .debug_macro   0x000158f7      0x28e ./Core/Src/Flash.o
 .debug_macro   0x00015b85       0x83 ./Core/Src/Flash.o
 .debug_macro   0x00015c08       0xb2 ./Core/Src/Flash.o
 .debug_macro   0x00015cba       0x22 ./Core/Src/Flash.o
 .debug_macro   0x00015cdc      0x1bc ./Core/Src/I2C_LCD.o
 .debug_macro   0x00015e98       0x22 ./Core/Src/I2C_LCD.o
 .debug_macro   0x00015eba      0x283 ./Core/Src/Scheduler.o
 .debug_macro   0x0001613d       0x24 ./Core/Src/Scheduler.o
 .debug_macro   0x00016161       0x5b ./Core/Src/Scheduler.o
 .debug_macro   0x000161bc       0x94 ./Core/Src/Scheduler.o
 .debug_macro   0x00016250       0x43 ./Core/Src/Scheduler.o
 .debug_macro   0x00016293       0x34 ./Core/Src/Scheduler.o
 .debug_macro   0x000162c7       0x16 ./Core/Src/Scheduler.o
 .debug_macro   0x000162dd      0x11c ./Core/Src/Scheduler.o
 .debug_macro   0x000163f9       0x94 ./Core/Src/Scheduler.o
 .debug_macro   0x0001648d       0x16 ./Core/Src/Scheduler.o
 .debug_macro   0x000164a3       0x43 ./Core/Src/Scheduler.o
 .debug_macro   0x000164e6       0x57 ./Core/Src/Scheduler.o
 .debug_macro   0x0001653d       0x34 ./Core/Src/Scheduler.o
 .debug_macro   0x00016571       0x10 ./Core/Src/Scheduler.o
 .debug_macro   0x00016581       0x58 ./Core/Src/Scheduler.o
 .debug_macro   0x000165d9       0x8e ./Core/Src/Scheduler.o
 .debug_macro   0x00016667       0x1c ./Core/Src/Scheduler.o
 .debug_macro   0x00016683      0x177 ./Core/Src/Scheduler.o
 .debug_macro   0x000167fa      0x369 ./Core/Src/Scheduler.o
 .debug_macro   0x00016b63       0x16 ./Core/Src/Scheduler.o
 .debug_macro   0x00016b79       0x29 ./Core/Src/Scheduler.o
 .debug_macro   0x00016ba2       0x56 ./Core/Src/Scheduler.o
 .debug_macro   0x00016bf8      0x1dd ./Core/Src/Traffic_Light_FSM.o
 .debug_macro   0x00016dd5       0x22 ./Core/Src/Traffic_Light_FSM.o
 .debug_macro   0x00016df7       0x1c ./Core/Src/Traffic_Light_FSM.o
 .debug_macro   0x00016e13      0x1bc ./Core/Src/button.o
 .debug_macro   0x00016fcf       0x1c ./Core/Src/button.o
 .debug_macro   0x00016feb      0x306 ./Core/Src/main.o
 .debug_macro   0x000172f1       0x61 ./Core/Src/main.o
 .debug_macro   0x00017352       0x16 ./Core/Src/main.o
 .debug_macro   0x00017368       0x35 ./Core/Src/main.o
 .debug_macro   0x0001739d       0x10 ./Core/Src/main.o
 .debug_macro   0x000173ad       0x16 ./Core/Src/main.o
 .debug_macro   0x000173c3       0x16 ./Core/Src/main.o
 .debug_macro   0x000173d9      0x146 ./Core/Src/main.o
 .debug_macro   0x0001751f       0x28 ./Core/Src/main.o
 .debug_macro   0x00017547      0x1bc ./Core/Src/stm32f1xx_hal_msp.o
 .debug_macro   0x00017703      0x1c6 ./Core/Src/stm32f1xx_it.o
 .debug_macro   0x000178c9       0xff ./Core/Src/sysmem.o
 .debug_macro   0x000179c8      0x23c ./Core/Src/sysmem.o
 .debug_macro   0x00017c04      0x1ad ./Core/Src/system_stm32f1xx.o
 .debug_macro   0x00017db1      0x1d1 ./Drivers/STM32F1xx_HAL_Driver/Src/stm32f1xx_hal.o
 .debug_macro   0x00017f82      0x1ad ./Drivers/STM32F1xx_HAL_Driver/Src/stm32f1xx_hal_cortex.o
 .debug_macro   0x0001812f      0x1ad ./Drivers/STM32F1xx_HAL_Driver/Src/stm32f1xx_hal_flash.o
 .debug_macro   0x000182dc      0x1bf ./Drivers/STM32F1xx_HAL_Driver/Src/stm32f1xx_hal_flash_ex.o
 .debug_macro   0x0001849b      0x218 ./Drivers/STM32F1xx_HAL_Driver/Src/stm32f1xx_hal_gpio.o
 .debug_macro   0x000186b3      0x1fb ./Drivers/STM32F1xx_HAL_Driver/Src/stm32f1xx_hal_i2c.o
 .debug_macro   0x000188ae      0x1bf ./Drivers/STM32F1xx_HAL_Driver/Src/stm32f1xx_hal_rcc.o
 .debug_macro   0x00018a6d      0x1ae ./Drivers/STM32F1xx_HAL_Driver/Src/stm32f1xx_hal_tim.o
 .debug_macro   0x00018c1b      0x1ad ./Drivers/STM32F1xx_HAL_Driver/Src/stm32f1xx_hal_tim_ex.o
 .debug_macro   0x00018dc8      0x1ae ./Drivers/STM32F1xx_HAL_Driver/Src/stm32f1xx_hal_uart.o

.debug_line     0x00000000    0x1586d
 .debug_line    0x00000000      0x745 ./Core/Src/Flash.o
 .debug_line    0x00000745      0x8a0 ./Core/Src/I2C_LCD.o
 .debug_line    0x00000fe5      0xb47 ./Core/Src/Scheduler.o
 .debug_line    0x00001b2c      0xe82 ./Core/Src/Traffic_Light_FSM.o
 .debug_line    0x000029ae      0x880 ./Core/Src/button.o
 .debug_line    0x0000322e     0x10c3 ./Core/Src/main.o
 .debug_line    0x000042f1      0x807 ./Core/Src/stm32f1xx_hal_msp.o
 .debug_line    0x00004af8      0x81d ./Core/Src/stm32f1xx_it.o
 .debug_line    0x00005315      0x672 ./Core/Src/sysmem.o
 .debug_line    0x00005987      0x792 ./Core/Src/system_stm32f1xx.o
 .debug_line    0x00006119       0x78 ./Core/Startup/startup_stm32f103rbtx.o
 .debug_line    0x00006191      0x9bf ./Drivers/STM32F1xx_HAL_Driver/Src/stm32f1xx_hal.o
 .debug_line    0x00006b50      0xbab ./Drivers/STM32F1xx_HAL_Driver/Src/stm32f1xx_hal_cortex.o
 .debug_line    0x000076fb      0xaa8 ./Drivers/STM32F1xx_HAL_Driver/Src/stm32f1xx_hal_flash.o
 .debug_line    0x000081a3      0xb8f ./Drivers/STM32F1xx_HAL_Driver/Src/stm32f1xx_hal_flash_ex.o
 .debug_line    0x00008d32      0xa58 ./Drivers/STM32F1xx_HAL_Driver/Src/stm32f1xx_hal_gpio.o
 .debug_line    0x0000978a     0x3c2c ./Drivers/STM32F1xx_HAL_Driver/Src/stm32f1xx_hal_i2c.o
 .debug_line    0x0000d3b6      0xdc8 ./Drivers/STM32F1xx_HAL_Driver/Src/stm32f1xx_hal_rcc.o
 .debug_line    0x0000e17e     0x34c9 ./Drivers/STM32F1xx_HAL_Driver/Src/stm32f1xx_hal_tim.o
 .debug_line    0x00011647     0x191e ./Drivers/STM32F1xx_HAL_Driver/Src/stm32f1xx_hal_tim_ex.o
 .debug_line    0x00012f65     0x2908 ./Drivers/STM32F1xx_HAL_Driver/Src/stm32f1xx_hal_uart.o

.debug_str      0x00000000    0x8da7e
 .debug_str     0x00000000    0x85008 ./Core/Src/Flash.o
                              0x8534f (size before relaxing)
 .debug_str     0x00085008      0x4d6 ./Core/Src/I2C_LCD.o
                              0x8544c (size before relaxing)
 .debug_str     0x000854de     0x3527 ./Core/Src/Scheduler.o
                              0x88648 (size before relaxing)
 .debug_str     0x00088a05      0x4ff ./Core/Src/Traffic_Light_FSM.o
                              0x85c4b (size before relaxing)
 .debug_str     0x00088f04       0xbe ./Core/Src/button.o
                              0x85035 (size before relaxing)
 .debug_str     0x00088fc2      0xec7 ./Core/Src/main.o
                              0x89d4b (size before relaxing)
 .debug_str     0x00089e89      0x105 ./Core/Src/stm32f1xx_hal_msp.o
                              0x85f40 (size before relaxing)
 .debug_str     0x00089f8e      0x12a ./Core/Src/stm32f1xx_it.o
                              0x85753 (size before relaxing)
 .debug_str     0x0008a0b8      0x4dc ./Core/Src/sysmem.o
                               0x607c (size before relaxing)
 .debug_str     0x0008a594       0x7e ./Core/Src/system_stm32f1xx.o
                              0x84f6e (size before relaxing)
 .debug_str     0x0008a612       0x44 ./Core/Startup/startup_stm32f103rbtx.o
                                 0x87 (size before relaxing)
 .debug_str     0x0008a656      0x384 ./Drivers/STM32F1xx_HAL_Driver/Src/stm32f1xx_hal.o
                              0x856a1 (size before relaxing)
 .debug_str     0x0008a9da      0x294 ./Drivers/STM32F1xx_HAL_Driver/Src/stm32f1xx_hal_cortex.o
                              0x855ed (size before relaxing)
 .debug_str     0x0008ac6e      0x259 ./Drivers/STM32F1xx_HAL_Driver/Src/stm32f1xx_hal_flash.o
                              0x85249 (size before relaxing)
 .debug_str     0x0008aec7      0x2fc ./Drivers/STM32F1xx_HAL_Driver/Src/stm32f1xx_hal_flash_ex.o
                              0x853f7 (size before relaxing)
 .debug_str     0x0008b1c3      0x2a9 ./Drivers/STM32F1xx_HAL_Driver/Src/stm32f1xx_hal_gpio.o
                              0x852f4 (size before relaxing)
 .debug_str     0x0008b46c      0xba7 ./Drivers/STM32F1xx_HAL_Driver/Src/stm32f1xx_hal_i2c.o
                              0x86035 (size before relaxing)
 .debug_str     0x0008c013      0x209 ./Drivers/STM32F1xx_HAL_Driver/Src/stm32f1xx_hal_rcc.o
                              0x8539d (size before relaxing)
 .debug_str     0x0008c21c      0xda8 ./Drivers/STM32F1xx_HAL_Driver/Src/stm32f1xx_hal_tim.o
                              0x8638f (size before relaxing)
 .debug_str     0x0008cfc4      0x493 ./Drivers/STM32F1xx_HAL_Driver/Src/stm32f1xx_hal_tim_ex.o
                              0x85bab (size before relaxing)
 .debug_str     0x0008d457      0x627 ./Drivers/STM32F1xx_HAL_Driver/Src/stm32f1xx_hal_uart.o
                              0x85a0e (size before relaxing)

.comment        0x00000000       0x43
 .comment       0x00000000       0x43 ./Core/Src/Flash.o
                                 0x44 (size before relaxing)
 .comment       0x00000043       0x44 ./Core/Src/I2C_LCD.o
 .comment       0x00000043       0x44 ./Core/Src/Scheduler.o
 .comment       0x00000043       0x44 ./Core/Src/Traffic_Light_FSM.o
 .comment       0x00000043       0x44 ./Core/Src/button.o
 .comment       0x00000043       0x44 ./Core/Src/main.o
 .comment       0x00000043       0x44 ./Core/Src/stm32f1xx_hal_msp.o
 .comment       0x00000043       0x44 ./Core/Src/stm32f1xx_it.o
 .comment       0x00000043       0x44 ./Core/Src/sysmem.o
 .comment       0x00000043       0x44 ./Core/Src/system_stm32f1xx.o
 .comment       0x00000043       0x44 ./Drivers/STM32F1xx_HAL_Driver/Src/stm32f1xx_hal.o
 .comment       0x00000043       0x44 ./Drivers/STM32F1xx_HAL_Driver/Src/stm32f1xx_hal_cortex.o
 .comment       0x00000043       0x44 ./Drivers/STM32F1xx_HAL_Driver/Src/stm32f1xx_hal_flash.o
 .comment       0x00000043       0x44 ./Drivers/STM32F1xx_HAL_Driver/Src/stm32f1xx_hal_flash_ex.o
 .comment       0x00000043       0x44 ./Drivers/STM32F1xx_HAL_Driver/Src/stm32f1xx_hal_gpio.o
 .comment       0x00000043       0x44 ./Drivers/STM32F1xx_HAL_Driver/Src/stm32f1xx_hal_i2c.o
 .comment       0x00000043       0x44 ./Drivers/STM32F1xx_HAL_Driver/Src/stm32f1xx_hal_rcc.o
 .comment       0x00000043       0x44 ./Drivers/STM32F1xx_HAL_Driver/Src/stm32f1xx_hal_tim.o
 .comment       0x00000043       0x44 ./Drivers/STM32F1xx_HAL_Driver/Src/stm32f1xx_hal_tim_ex.o
 .comment       0x00000043       0x44 ./Drivers/STM32F1xx_HAL_Driver/Src/stm32f1xx_hal_uart.o

.debug_frame    0x00000000     0x4b78
 .debug_frame   0x00000000       0x60 ./Core/Src/Flash.o
 .debug_frame   0x00000060      0x12c ./Core/Src/I2C_LCD.o
 .debug_frame   0x0000018c      0x128 ./Core/Src/Scheduler.o
 .debug_frame   0x000002b4      0x26c ./Core/Src/Traffic_Light_FSM.o
 .debug_frame   0x00000520       0xac ./Core/Src/button.o
 .debug_frame   0x000005cc      0x224 ./Core/Src/main.o
 .debug_frame   0x000007f0      0x110 ./Core/Src/stm32f1xx_hal_msp.o
 .debug_frame   0x00000900      0x160 ./Core/Src/stm32f1xx_it.o
 .debug_frame   0x00000a60       0x34 ./Core/Src/sysmem.o
 .debug_frame   0x00000a94       0x58 ./Core/Src/system_stm32f1xx.o
 .debug_frame   0x00000aec      0x334 ./Drivers/STM32F1xx_HAL_Driver/Src/stm32f1xx_hal.o
 .debug_frame   0x00000e20      0x428 ./Drivers/STM32F1xx_HAL_Driver/Src/stm32f1xx_hal_cortex.o
 .debug_frame   0x00001248      0x20c ./Drivers/STM32F1xx_HAL_Driver/Src/stm32f1xx_hal_flash.o
 .debug_frame   0x00001454      0x258 ./Drivers/STM32F1xx_HAL_Driver/Src/stm32f1xx_hal_flash_ex.o
 .debug_frame   0x000016ac      0x14c ./Drivers/STM32F1xx_HAL_Driver/Src/stm32f1xx_hal_gpio.o
 .debug_frame   0x000017f8      0xc84 ./Drivers/STM32F1xx_HAL_Driver/Src/stm32f1xx_hal_i2c.o
 .debug_frame   0x0000247c      0x218 ./Drivers/STM32F1xx_HAL_Driver/Src/stm32f1xx_hal_rcc.o
 .debug_frame   0x00002694     0x11bc ./Drivers/STM32F1xx_HAL_Driver/Src/stm32f1xx_hal_tim.o
 .debug_frame   0x00003850      0x638 ./Drivers/STM32F1xx_HAL_Driver/Src/stm32f1xx_hal_tim_ex.o
 .debug_frame   0x00003e88      0x944 ./Drivers/STM32F1xx_HAL_Driver/Src/stm32f1xx_hal_uart.o
 .debug_frame   0x000047cc       0x30 D:/STM32CubeIde/STM32CubeIDE_1.16.0/STM32CubeIDE/plugins/com.st.stm32cube.ide.mcu.externaltools.gnu-tools-for-stm32.12.3.rel1.win32_1.0.200.202406191623/tools/bin/../lib/gcc/arm-none-eabi/12.3.1/../../../../arm-none-eabi/lib/thumb/v7-m/nofp\libc_nano.a(libc_a-malloc.o)
 .debug_frame   0x000047fc       0x50 D:/STM32CubeIde/STM32CubeIDE_1.16.0/STM32CubeIDE/plugins/com.st.stm32cube.ide.mcu.externaltools.gnu-tools-for-stm32.12.3.rel1.win32_1.0.200.202406191623/tools/bin/../lib/gcc/arm-none-eabi/12.3.1/../../../../arm-none-eabi/lib/thumb/v7-m/nofp\libc_nano.a(libc_a-mallocr.o)
 .debug_frame   0x0000484c       0x30 D:/STM32CubeIde/STM32CubeIDE_1.16.0/STM32CubeIDE/plugins/com.st.stm32cube.ide.mcu.externaltools.gnu-tools-for-stm32.12.3.rel1.win32_1.0.200.202406191623/tools/bin/../lib/gcc/arm-none-eabi/12.3.1/../../../../arm-none-eabi/lib/thumb/v7-m/nofp\libc_nano.a(libc_a-mlock.o)
 .debug_frame   0x0000487c      0x144 D:/STM32CubeIde/STM32CubeIDE_1.16.0/STM32CubeIDE/plugins/com.st.stm32cube.ide.mcu.externaltools.gnu-tools-for-stm32.12.3.rel1.win32_1.0.200.202406191623/tools/bin/../lib/gcc/arm-none-eabi/12.3.1/../../../../arm-none-eabi/lib/thumb/v7-m/nofp\libc_nano.a(libc_a-findfp.o)
 .debug_frame   0x000049c0       0x20 D:/STM32CubeIde/STM32CubeIDE_1.16.0/STM32CubeIDE/plugins/com.st.stm32cube.ide.mcu.externaltools.gnu-tools-for-stm32.12.3.rel1.win32_1.0.200.202406191623/tools/bin/../lib/gcc/arm-none-eabi/12.3.1/../../../../arm-none-eabi/lib/thumb/v7-m/nofp\libc_nano.a(libc_a-memset.o)
 .debug_frame   0x000049e0       0x38 D:/STM32CubeIde/STM32CubeIDE_1.16.0/STM32CubeIDE/plugins/com.st.stm32cube.ide.mcu.externaltools.gnu-tools-for-stm32.12.3.rel1.win32_1.0.200.202406191623/tools/bin/../lib/gcc/arm-none-eabi/12.3.1/../../../../arm-none-eabi/lib/thumb/v7-m/nofp\libc_nano.a(libc_a-reent.o)
 .debug_frame   0x00004a18       0x2c D:/STM32CubeIde/STM32CubeIDE_1.16.0/STM32CubeIDE/plugins/com.st.stm32cube.ide.mcu.externaltools.gnu-tools-for-stm32.12.3.rel1.win32_1.0.200.202406191623/tools/bin/../lib/gcc/arm-none-eabi/12.3.1/../../../../arm-none-eabi/lib/thumb/v7-m/nofp\libc_nano.a(libc_a-sbrkr.o)
 .debug_frame   0x00004a44       0x20 D:/STM32CubeIde/STM32CubeIDE_1.16.0/STM32CubeIDE/plugins/com.st.stm32cube.ide.mcu.externaltools.gnu-tools-for-stm32.12.3.rel1.win32_1.0.200.202406191623/tools/bin/../lib/gcc/arm-none-eabi/12.3.1/../../../../arm-none-eabi/lib/thumb/v7-m/nofp\libc_nano.a(libc_a-errno.o)
 .debug_frame   0x00004a64       0x2c D:/STM32CubeIde/STM32CubeIDE_1.16.0/STM32CubeIDE/plugins/com.st.stm32cube.ide.mcu.externaltools.gnu-tools-for-stm32.12.3.rel1.win32_1.0.200.202406191623/tools/bin/../lib/gcc/arm-none-eabi/12.3.1/../../../../arm-none-eabi/lib/thumb/v7-m/nofp\libc_nano.a(libc_a-init.o)
 .debug_frame   0x00004a90       0xb0 D:/STM32CubeIde/STM32CubeIDE_1.16.0/STM32CubeIDE/plugins/com.st.stm32cube.ide.mcu.externaltools.gnu-tools-for-stm32.12.3.rel1.win32_1.0.200.202406191623/tools/bin/../lib/gcc/arm-none-eabi/12.3.1/../../../../arm-none-eabi/lib/thumb/v7-m/nofp\libc_nano.a(libc_a-lock.o)
 .debug_frame   0x00004b40       0x38 D:/STM32CubeIde/STM32CubeIDE_1.16.0/STM32CubeIDE/plugins/com.st.stm32cube.ide.mcu.externaltools.gnu-tools-for-stm32.12.3.rel1.win32_1.0.200.202406191623/tools/bin/../lib/gcc/arm-none-eabi/12.3.1/../../../../arm-none-eabi/lib/thumb/v7-m/nofp\libc_nano.a(libc_a-freer.o)

.debug_line_str
                0x00000000       0x6b
 .debug_line_str
                0x00000000       0x6b ./Core/Startup/startup_stm32f103rbtx.o
